MO ControlUnit NULL ControlUnit.v vlg71/_control_unit.bin 1431700564
MO RegisterFile NULL RegisterFile.v vlg69/_register_file.bin 1431700564
MO InstructionMemory NULL InstructionMemory.v vlg63/_instruction_memory.bin 1431700564
MO clockdiv NULL clockdiv.v vlg67/clockdiv.bin 1431700564
MO DataMemory NULL DataMemory.v vlg2B/_data_memory.bin 1431700564
MO top NULL top.v vlg6F/top.bin 1431700564
MO reg_half NULL reg_half.v vlg1C/reg__half.bin 1431700564
MO ALU NULL ALU.v vlg2A/_a_l_u.bin 1431700564
MO MIPS NULL MIPS.v vlg1D/_m_i_p_s.bin 1431700564
