MO FA_MUSER_Display NULL Display.vf vlg77/_f_a___m_u_s_e_r___display.bin 1426856466
MO Adder_MUSER_Display NULL Display.vf vlg14/_adder___m_u_s_e_r___display.bin 1426856466
MO FA NULL FA.vf vlg1F/_f_a.bin 1426856466
MO Decoder NULL Decoder.v vlg62/_decoder.bin 1426856466
MO Display NULL Display.vf vlg7E/_display.bin 1426856466
MO Adder NULL Adder.vf vlg34/_adder.bin 1426856466
MO FA_MUSER_Adder NULL Adder.vf vlg15/_f_a___m_u_s_e_r___adder.bin 1426856466
