Release 14.5 - xst P.58f (lin64)
Copyright (c) 1995-2012 Xilinx, Inc.  All rights reserved.
--> 
Parameter TMPDIR set to xst/projnav.tmp


Total REAL time to Xst completion: 0.00 secs
Total CPU time to Xst completion: 0.05 secs
 
--> 
Parameter xsthdpdir set to xst


Total REAL time to Xst completion: 0.00 secs
Total CPU time to Xst completion: 0.05 secs
 
--> 
Reading design: top.prj

TABLE OF CONTENTS
  1) Synthesis Options Summary
  2) HDL Compilation
  3) Design Hierarchy Analysis
  4) HDL Analysis
  5) HDL Synthesis
     5.1) HDL Synthesis Report
  6) Advanced HDL Synthesis
     6.1) Advanced HDL Synthesis Report
  7) Low Level Synthesis
  8) Partition Report
  9) Final Report
	9.1) Device utilization summary
	9.2) Partition Resource Summary
	9.3) TIMING REPORT


=========================================================================
*                      Synthesis Options Summary                        *
=========================================================================
---- Source Parameters
Input File Name                    : "top.prj"
Input Format                       : mixed
Ignore Synthesis Constraint File   : NO

---- Target Parameters
Output File Name                   : "top"
Output Format                      : NGC
Target Device                      : xc3s200-4-ft256

---- Source Options
Top Module Name                    : top
Automatic FSM Extraction           : YES
FSM Encoding Algorithm             : Auto
Safe Implementation                : No
FSM Style                          : LUT
RAM Extraction                     : Yes
RAM Style                          : Auto
ROM Extraction                     : Yes
Mux Style                          : Auto
Decoder Extraction                 : YES
Priority Encoder Extraction        : Yes
Shift Register Extraction          : YES
Logical Shifter Extraction         : YES
XOR Collapsing                     : YES
ROM Style                          : Auto
Mux Extraction                     : Yes
Resource Sharing                   : YES
Asynchronous To Synchronous        : NO
Multiplier Style                   : Auto
Automatic Register Balancing       : No

---- Target Options
Add IO Buffers                     : YES
Global Maximum Fanout              : 100000
Add Generic Clock Buffer(BUFG)     : 8
Register Duplication               : YES
Slice Packing                      : YES
Optimize Instantiated Primitives   : NO
Use Clock Enable                   : Yes
Use Synchronous Set                : Yes
Use Synchronous Reset              : Yes
Pack IO Registers into IOBs        : Auto
Equivalent register Removal        : YES

---- General Options
Optimization Goal                  : Speed
Optimization Effort                : 1
Keep Hierarchy                     : No
Netlist Hierarchy                  : As_Optimized
RTL Output                         : Yes
Global Optimization                : AllClockNets
Read Cores                         : YES
Write Timing Constraints           : NO
Cross Clock Analysis               : NO
Hierarchy Separator                : /
Bus Delimiter                      : <>
Case Specifier                     : Maintain
Slice Utilization Ratio            : 100
BRAM Utilization Ratio             : 100
Verilog 2001                       : YES
Auto BRAM Packing                  : NO
Slice Utilization Ratio Delta      : 5

=========================================================================


=========================================================================
*                          HDL Compilation                              *
=========================================================================
Compiling verilog file "reg_half.v" in library work
Compiling verilog file "RegisterFile.v" in library work
Module <reg_half> compiled
Compiling verilog file "InstructionMemory.v" in library work
Module <RegisterFile> compiled
Compiling verilog file "DataMemory.v" in library work
Module <InstructionMemory> compiled
Compiling verilog file "ControlUnit.v" in library work
Module <DataMemory> compiled
Compiling verilog file "ALU.v" in library work
Module <ControlUnit> compiled
Compiling verilog file "MIPS.v" in library work
Module <ALU> compiled
Compiling verilog file "clockdiv.v" in library work
Module <MIPS> compiled
Compiling verilog file "top.v" in library work
Module <clockdiv> compiled
Module <top> compiled
No errors in compilation
Analysis of file <"top.prj"> succeeded.
 

=========================================================================
*                     Design Hierarchy Analysis                         *
=========================================================================
Analyzing hierarchy for module <top> in library <work>.

Analyzing hierarchy for module <clockdiv> in library <work>.

Analyzing hierarchy for module <MIPS> in library <work>.

Analyzing hierarchy for module <InstructionMemory> in library <work>.

Analyzing hierarchy for module <RegisterFile> in library <work>.

Analyzing hierarchy for module <ALU> in library <work>.

Analyzing hierarchy for module <DataMemory> in library <work>.

Analyzing hierarchy for module <ControlUnit> in library <work> with parameters.
	OP_ADDI = "001000"
	OP_BEQ = "000100"
	OP_J = "000010"
	OP_LW = "100011"
	OP_RTYPE = "000000"
	OP_SW = "101011"


=========================================================================
*                            HDL Analysis                               *
=========================================================================
Analyzing top module <top>.
Module <top> is correct for synthesis.
 
Analyzing module <clockdiv> in library <work>.
Module <clockdiv> is correct for synthesis.
 
Analyzing module <MIPS> in library <work>.
WARNING:Xst:863 - "MIPS.v" line 132: Name conflict (<Zero> and <zero>, renaming Zero as zero_rnm0).
Module <MIPS> is correct for synthesis.
 
Analyzing module <InstructionMemory> in library <work>.
INFO:Xst:2546 - "InstructionMemory.v" line 30: reading initialization file "insmem_h.txt".
Module <InstructionMemory> is correct for synthesis.
 
Analyzing module <RegisterFile> in library <work>.
Module <RegisterFile> is correct for synthesis.
 
Analyzing module <ALU> in library <work>.
Module <ALU> is correct for synthesis.
 
Analyzing module <DataMemory> in library <work>.
INFO:Xst:2546 - "DataMemory.v" line 32: reading initialization file "datamem_h.txt".
Module <DataMemory> is correct for synthesis.
 
Analyzing module <ControlUnit> in library <work>.
	OP_ADDI = 6'b001000
	OP_BEQ = 6'b000100
	OP_J = 6'b000010
	OP_LW = 6'b100011
	OP_RTYPE = 6'b000000
	OP_SW = 6'b101011
Module <ControlUnit> is correct for synthesis.
 

=========================================================================
*                           HDL Synthesis                               *
=========================================================================

Performing bidirectional port resolution...

Synthesizing Unit <clockdiv>.
    Related source file is "clockdiv.v".
    Found 2-bit up counter for signal <clk_count>.
    Summary:
	inferred   1 Counter(s).
Unit <clockdiv> synthesized.


Synthesizing Unit <InstructionMemory>.
    Related source file is "InstructionMemory.v".
WARNING:Xst:1781 - Signal <InsArr> is used but never assigned. Tied to default value.
    Found 64x32-bit ROM for signal <RD>.
    Summary:
	inferred   1 ROM(s).
Unit <InstructionMemory> synthesized.


Synthesizing Unit <ALU>.
    Related source file is "ALU.v".
    Found 32-bit adder carry in for signal <addout>.
    Found 32-bit 4-to-1 multiplexer for signal <logicout>.
    Found 32-bit xor2 for signal <logicout$xor0000> created at line 40.
    Summary:
	inferred   1 Adder/Subtractor(s).
	inferred  32 Multiplexer(s).
Unit <ALU> synthesized.


Synthesizing Unit <DataMemory>.
    Related source file is "DataMemory.v".
    Found 64x32-bit single-port RAM <Mram_DataArr> for signal <DataArr>.
    Summary:
	inferred   1 RAM(s).
Unit <DataMemory> synthesized.


Synthesizing Unit <ControlUnit>.
    Related source file is "ControlUnit.v".
Unit <ControlUnit> synthesized.


Synthesizing Unit <RegisterFile>.
    Related source file is "RegisterFile.v".
Unit <RegisterFile> synthesized.


Synthesizing Unit <MIPS>.
    Related source file is "MIPS.v".
WARNING:Xst:653 - Signal <zero_rnm0> is used but never assigned. This sourceless signal will be automatically connected to value 0.
WARNING:Xst:646 - Signal <zero> is assigned but never used. This unconnected signal will be trimmed during the optimization process.
WARNING:Xst:646 - Signal <IsMemWrite> is assigned but never used. This unconnected signal will be trimmed during the optimization process.
WARNING:Xst:646 - Signal <ALUControl<5:4>> is assigned but never used. This unconnected signal will be trimmed during the optimization process.
    Found 32-bit register for signal <PC>.
    Found 32-bit adder for signal <PCBranch>.
    Found 32-bit adder for signal <PCPlus4>.
    Summary:
	inferred   2 Adder/Subtractor(s).
Unit <MIPS> synthesized.


Synthesizing Unit <top>.
    Related source file is "top.v".
WARNING:Xst:1780 - Signal <IOin> is never used or assigned. This unconnected signal will be trimmed during the optimization process.
WARNING:Xst:646 - Signal <IOWriteData<31:28>> is assigned but never used. This unconnected signal will be trimmed during the optimization process.
WARNING:Xst:653 - Signal <IOReadData> is used but never assigned. This sourceless signal will be automatically connected to value 00000000000000000000000000000000.
WARNING:Xst:646 - Signal <IOAddr> is assigned but never used. This unconnected signal will be trimmed during the optimization process.
    Found 1-of-4 decoder for signal <AN>.
    Found 16-bit up counter for signal <DispCount>.
    Found 7-bit 4-to-1 multiplexer for signal <DispDigit>.
    Found 28-bit register for signal <DispReg>.
    Summary:
	inferred   1 Counter(s).
	inferred  28 D-type flip-flop(s).
	inferred   7 Multiplexer(s).
	inferred   1 Decoder(s).
Unit <top> synthesized.


=========================================================================
HDL Synthesis Report

Macro Statistics
# RAMs                                                 : 1
 64x32-bit single-port RAM                             : 1
# ROMs                                                 : 1
 64x32-bit ROM                                         : 1
# Adders/Subtractors                                   : 3
 32-bit adder                                          : 2
 32-bit adder carry in                                 : 1
# Counters                                             : 2
 16-bit up counter                                     : 1
 2-bit up counter                                      : 1
# Registers                                            : 2
 28-bit register                                       : 1
 32-bit register                                       : 1
# Multiplexers                                         : 2
 32-bit 4-to-1 multiplexer                             : 1
 7-bit 4-to-1 multiplexer                              : 1
# Decoders                                             : 1
 1-of-4 decoder                                        : 1
# Xors                                                 : 1
 32-bit xor2                                           : 1

=========================================================================

=========================================================================
*                       Advanced HDL Synthesis                          *
=========================================================================

Reading core <reg_half.ngc>.
Loading core <reg_half> for timing and area information for instance <i_portA>.
Loading core <reg_half> for timing and area information for instance <i_portB>.

Synthesizing (advanced) Unit <DataMemory>.
INFO:Xst:3218 - HDL ADVISOR - The RAM <Mram_DataArr> will be implemented on LUTs either because you have described an asynchronous read or because of currently unsupported block RAM features. If you have described an asynchronous read, making it synchronous would allow you to take advantage of available block RAM resources, for optimized device usage and improved timings. Please refer to your documentation for coding guidelines.
    -----------------------------------------------------------------------
    | ram_type           | Distributed                         |          |
    -----------------------------------------------------------------------
    | Port A                                                              |
    |     aspect ratio   | 64-word x 32-bit                    |          |
    |     clkA           | connected to signal <CLK>           | rise     |
    |     weA            | connected to signal <WE>            | high     |
    |     addrA          | connected to signal <A>             |          |
    |     diA            | connected to signal <WD>            |          |
    |     doA            | connected to signal <RD>            |          |
    -----------------------------------------------------------------------
Unit <DataMemory> synthesized (advanced).

=========================================================================
Advanced HDL Synthesis Report

Macro Statistics
# RAMs                                                 : 1
 64x32-bit single-port distributed RAM                 : 1
# ROMs                                                 : 1
 64x32-bit ROM                                         : 1
# Adders/Subtractors                                   : 2
 32-bit adder                                          : 1
 32-bit adder carry in                                 : 1
# Counters                                             : 2
 16-bit up counter                                     : 1
 2-bit up counter                                      : 1
# Registers                                            : 60
 Flip-Flops                                            : 60
# Multiplexers                                         : 2
 32-bit 4-to-1 multiplexer                             : 1
 7-bit 4-to-1 multiplexer                              : 1
# Decoders                                             : 1
 1-of-4 decoder                                        : 1
# Xors                                                 : 1
 32-bit xor2                                           : 1

=========================================================================

=========================================================================
*                         Low Level Synthesis                           *
=========================================================================
WARNING:Xst:1710 - FF/Latch <PC_1> (without init value) has a constant value of 0 in block <MIPS>. This FF/Latch will be trimmed during the optimization process.
WARNING:Xst:1895 - Due to other FF/Latch trimming, FF/Latch <PC_0> (without init value) has a constant value of 0 in block <MIPS>. This FF/Latch will be trimmed during the optimization process.
WARNING:Xst:2677 - Node <PC_31> of sequential type is unconnected in block <MIPS>.
WARNING:Xst:2677 - Node <PC_30> of sequential type is unconnected in block <MIPS>.
WARNING:Xst:2677 - Node <PC_29> of sequential type is unconnected in block <MIPS>.
WARNING:Xst:2677 - Node <PC_28> of sequential type is unconnected in block <MIPS>.
WARNING:Xst:2677 - Node <PC_27> of sequential type is unconnected in block <MIPS>.
WARNING:Xst:2677 - Node <PC_26> of sequential type is unconnected in block <MIPS>.
WARNING:Xst:2677 - Node <PC_25> of sequential type is unconnected in block <MIPS>.
WARNING:Xst:2677 - Node <PC_24> of sequential type is unconnected in block <MIPS>.
WARNING:Xst:2677 - Node <PC_23> of sequential type is unconnected in block <MIPS>.
WARNING:Xst:2677 - Node <PC_22> of sequential type is unconnected in block <MIPS>.
WARNING:Xst:2677 - Node <PC_21> of sequential type is unconnected in block <MIPS>.
WARNING:Xst:2677 - Node <PC_20> of sequential type is unconnected in block <MIPS>.
WARNING:Xst:2677 - Node <PC_19> of sequential type is unconnected in block <MIPS>.
WARNING:Xst:2677 - Node <PC_18> of sequential type is unconnected in block <MIPS>.
WARNING:Xst:2677 - Node <PC_17> of sequential type is unconnected in block <MIPS>.
WARNING:Xst:2677 - Node <PC_16> of sequential type is unconnected in block <MIPS>.
WARNING:Xst:2677 - Node <PC_15> of sequential type is unconnected in block <MIPS>.
WARNING:Xst:2677 - Node <PC_14> of sequential type is unconnected in block <MIPS>.
WARNING:Xst:2677 - Node <PC_13> of sequential type is unconnected in block <MIPS>.
WARNING:Xst:2677 - Node <PC_12> of sequential type is unconnected in block <MIPS>.
WARNING:Xst:2677 - Node <PC_11> of sequential type is unconnected in block <MIPS>.
WARNING:Xst:2677 - Node <PC_10> of sequential type is unconnected in block <MIPS>.
WARNING:Xst:2677 - Node <PC_9> of sequential type is unconnected in block <MIPS>.
WARNING:Xst:2677 - Node <PC_8> of sequential type is unconnected in block <MIPS>.
WARNING:Xst:2677 - Node <PC_7> of sequential type is unconnected in block <MIPS>.
WARNING:Xst:2677 - Node <PC_6> of sequential type is unconnected in block <MIPS>.

Optimizing unit <top> ...

Optimizing unit <ALU> ...

Optimizing unit <RegisterFile> ...

Optimizing unit <MIPS> ...
WARNING:Xst:1710 - FF/Latch <DispReg_27> (without init value) has a constant value of 0 in block <top>. This FF/Latch will be trimmed during the optimization process.
WARNING:Xst:1895 - Due to other FF/Latch trimming, FF/Latch <DispReg_26> (without init value) has a constant value of 0 in block <top>. This FF/Latch will be trimmed during the optimization process.
WARNING:Xst:1895 - Due to other FF/Latch trimming, FF/Latch <DispReg_25> (without init value) has a constant value of 0 in block <top>. This FF/Latch will be trimmed during the optimization process.
WARNING:Xst:1895 - Due to other FF/Latch trimming, FF/Latch <DispReg_24> (without init value) has a constant value of 0 in block <top>. This FF/Latch will be trimmed during the optimization process.
WARNING:Xst:1895 - Due to other FF/Latch trimming, FF/Latch <DispReg_23> (without init value) has a constant value of 0 in block <top>. This FF/Latch will be trimmed during the optimization process.
WARNING:Xst:1895 - Due to other FF/Latch trimming, FF/Latch <DispReg_22> (without init value) has a constant value of 0 in block <top>. This FF/Latch will be trimmed during the optimization process.
WARNING:Xst:1895 - Due to other FF/Latch trimming, FF/Latch <DispReg_21> (without init value) has a constant value of 0 in block <top>. This FF/Latch will be trimmed during the optimization process.
WARNING:Xst:1895 - Due to other FF/Latch trimming, FF/Latch <DispReg_20> (without init value) has a constant value of 0 in block <top>. This FF/Latch will be trimmed during the optimization process.
WARNING:Xst:1895 - Due to other FF/Latch trimming, FF/Latch <DispReg_19> (without init value) has a constant value of 0 in block <top>. This FF/Latch will be trimmed during the optimization process.
WARNING:Xst:1895 - Due to other FF/Latch trimming, FF/Latch <DispReg_18> (without init value) has a constant value of 0 in block <top>. This FF/Latch will be trimmed during the optimization process.
WARNING:Xst:1895 - Due to other FF/Latch trimming, FF/Latch <DispReg_17> (without init value) has a constant value of 0 in block <top>. This FF/Latch will be trimmed during the optimization process.
WARNING:Xst:1895 - Due to other FF/Latch trimming, FF/Latch <DispReg_16> (without init value) has a constant value of 0 in block <top>. This FF/Latch will be trimmed during the optimization process.
WARNING:Xst:1895 - Due to other FF/Latch trimming, FF/Latch <DispReg_15> (without init value) has a constant value of 0 in block <top>. This FF/Latch will be trimmed during the optimization process.
WARNING:Xst:1895 - Due to other FF/Latch trimming, FF/Latch <DispReg_14> (without init value) has a constant value of 0 in block <top>. This FF/Latch will be trimmed during the optimization process.
WARNING:Xst:1895 - Due to other FF/Latch trimming, FF/Latch <DispReg_13> (without init value) has a constant value of 0 in block <top>. This FF/Latch will be trimmed during the optimization process.
WARNING:Xst:1895 - Due to other FF/Latch trimming, FF/Latch <DispReg_12> (without init value) has a constant value of 0 in block <top>. This FF/Latch will be trimmed during the optimization process.
WARNING:Xst:1895 - Due to other FF/Latch trimming, FF/Latch <DispReg_11> (without init value) has a constant value of 0 in block <top>. This FF/Latch will be trimmed during the optimization process.
WARNING:Xst:1895 - Due to other FF/Latch trimming, FF/Latch <DispReg_10> (without init value) has a constant value of 0 in block <top>. This FF/Latch will be trimmed during the optimization process.
WARNING:Xst:1895 - Due to other FF/Latch trimming, FF/Latch <DispReg_9> (without init value) has a constant value of 0 in block <top>. This FF/Latch will be trimmed during the optimization process.
WARNING:Xst:1895 - Due to other FF/Latch trimming, FF/Latch <DispReg_8> (without init value) has a constant value of 0 in block <top>. This FF/Latch will be trimmed during the optimization process.
WARNING:Xst:1895 - Due to other FF/Latch trimming, FF/Latch <DispReg_7> (without init value) has a constant value of 0 in block <top>. This FF/Latch will be trimmed during the optimization process.
WARNING:Xst:1895 - Due to other FF/Latch trimming, FF/Latch <DispReg_6> (without init value) has a constant value of 0 in block <top>. This FF/Latch will be trimmed during the optimization process.
WARNING:Xst:1895 - Due to other FF/Latch trimming, FF/Latch <DispReg_5> (without init value) has a constant value of 0 in block <top>. This FF/Latch will be trimmed during the optimization process.
WARNING:Xst:1895 - Due to other FF/Latch trimming, FF/Latch <DispReg_4> (without init value) has a constant value of 0 in block <top>. This FF/Latch will be trimmed during the optimization process.
WARNING:Xst:1895 - Due to other FF/Latch trimming, FF/Latch <DispReg_3> (without init value) has a constant value of 0 in block <top>. This FF/Latch will be trimmed during the optimization process.
WARNING:Xst:1895 - Due to other FF/Latch trimming, FF/Latch <DispReg_2> (without init value) has a constant value of 0 in block <top>. This FF/Latch will be trimmed during the optimization process.
WARNING:Xst:1895 - Due to other FF/Latch trimming, FF/Latch <DispReg_1> (without init value) has a constant value of 0 in block <top>. This FF/Latch will be trimmed during the optimization process.
WARNING:Xst:1895 - Due to other FF/Latch trimming, FF/Latch <DispReg_0> (without init value) has a constant value of 0 in block <top>. This FF/Latch will be trimmed during the optimization process.
INFO:Xst:2399 - RAMs <processor/i_dmem/Mram_DataArr64>, <processor/i_dmem/Mram_DataArr63> are equivalent, second RAM is removed
INFO:Xst:2399 - RAMs <processor/i_dmem/Mram_DataArr62>, <processor/i_dmem/Mram_DataArr61> are equivalent, second RAM is removed
INFO:Xst:2399 - RAMs <processor/i_dmem/Mram_DataArr60>, <processor/i_dmem/Mram_DataArr59> are equivalent, second RAM is removed
INFO:Xst:2399 - RAMs <processor/i_dmem/Mram_DataArr58>, <processor/i_dmem/Mram_DataArr57> are equivalent, second RAM is removed
INFO:Xst:2399 - RAMs <processor/i_dmem/Mram_DataArr56>, <processor/i_dmem/Mram_DataArr55> are equivalent, second RAM is removed
INFO:Xst:2399 - RAMs <processor/i_dmem/Mram_DataArr48>, <processor/i_dmem/Mram_DataArr47> are equivalent, second RAM is removed
INFO:Xst:2399 - RAMs <processor/i_dmem/Mram_DataArr46>, <processor/i_dmem/Mram_DataArr45> are equivalent, second RAM is removed
INFO:Xst:2399 - RAMs <processor/i_dmem/Mram_DataArr34>, <processor/i_dmem/Mram_DataArr33> are equivalent, second RAM is removed
INFO:Xst:2399 - RAMs <processor/i_dmem/Mram_DataArr28>, <processor/i_dmem/Mram_DataArr27> are equivalent, second RAM is removed
INFO:Xst:2399 - RAMs <processor/i_dmem/Mram_DataArr26>, <processor/i_dmem/Mram_DataArr25> are equivalent, second RAM is removed
INFO:Xst:2399 - RAMs <processor/i_dmem/Mram_DataArr24>, <processor/i_dmem/Mram_DataArr23> are equivalent, second RAM is removed
INFO:Xst:2399 - RAMs <processor/i_dmem/Mram_DataArr20>, <processor/i_dmem/Mram_DataArr19> are equivalent, second RAM is removed
INFO:Xst:2399 - RAMs <processor/i_dmem/Mram_DataArr18>, <processor/i_dmem/Mram_DataArr17> are equivalent, second RAM is removed
INFO:Xst:2399 - RAMs <processor/i_dmem/Mram_DataArr14>, <processor/i_dmem/Mram_DataArr13> are equivalent, second RAM is removed
INFO:Xst:2399 - RAMs <processor/i_dmem/Mram_DataArr12>, <processor/i_dmem/Mram_DataArr11> are equivalent, second RAM is removed
INFO:Xst:2399 - RAMs <processor/i_dmem/Mram_DataArr10>, <processor/i_dmem/Mram_DataArr9> are equivalent, second RAM is removed

Mapping all equations...
Building and optimizing final netlist ...
Found area constraint ratio of 100 (+ 5) on block top, actual ratio is 13.
FlipFlop processor/PC_2 has been replicated 2 time(s)
FlipFlop processor/PC_3 has been replicated 2 time(s)
FlipFlop processor/PC_4 has been replicated 2 time(s)
FlipFlop processor/PC_5 has been replicated 2 time(s)

Final Macro Processing ...

=========================================================================
Final Register Report

Macro Statistics
# Registers                                            : 30
 Flip-Flops                                            : 30

=========================================================================

=========================================================================
*                           Partition Report                            *
=========================================================================

Partition Implementation Status
-------------------------------

  No Partitions were found in this design.

-------------------------------

=========================================================================
*                            Final Report                               *
=========================================================================
Final Results
RTL Top Level Output File Name     : top.ngr
Top Level Output File Name         : top
Output Format                      : NGC
Optimization Goal                  : Speed
Keep Hierarchy                     : No

Design Statistics
# IOs                              : 13

Cell Usage :
# BELS                             : 499
#      GND                         : 5
#      INV                         : 3
#      LUT1                        : 18
#      LUT2                        : 83
#      LUT2_L                      : 5
#      LUT3                        : 175
#      LUT3_D                      : 1
#      LUT4                        : 81
#      LUT4_D                      : 2
#      LUT4_L                      : 16
#      MUXCY                       : 55
#      VCC                         : 3
#      XORCY                       : 52
# FlipFlops/Latches                : 158
#      FD                          : 128
#      FDC                         : 18
#      FDP                         : 12
# RAMS                             : 176
#      RAM16X1D                    : 128
#      RAM32X1S                    : 48
# Clock Buffers                    : 2
#      BUFG                        : 1
#      BUFGP                       : 1
# IO Buffers                       : 12
#      IBUF                        : 1
#      OBUF                        : 11
=========================================================================

Device utilization summary:
---------------------------

Selected Device : 3s200ft256-4 

 Number of Slices:                      256  out of   1920    13%  
 Number of Slice Flip Flops:            158  out of   3840     4%  
 Number of 4 input LUTs:                736  out of   3840    19%  
    Number used as logic:               384
    Number used as RAMs:                352
 Number of IOs:                          13
 Number of bonded IOBs:                  13  out of    173     7%  
 Number of GCLKs:                         2  out of      8    25%  

---------------------------
Partition Resource Summary:
---------------------------

  No Partitions were found in this design.

---------------------------


=========================================================================
TIMING REPORT

NOTE: THESE TIMING NUMBERS ARE ONLY A SYNTHESIS ESTIMATE.
      FOR ACCURATE TIMING INFORMATION PLEASE REFER TO THE TRACE REPORT
      GENERATED AFTER PLACE-and-ROUTE.

Clock Information:
------------------
-----------------------------------+------------------------+-------+
Clock Signal                       | Clock buffer(FF name)  | Load  |
-----------------------------------+------------------------+-------+
FPGACLK                            | BUFGP                  | 2     |
CLK1(ClockDiv/clk_en1:O)           | BUFG(*)(DispCount_0)   | 332   |
-----------------------------------+------------------------+-------+
(*) This 1 clock signal(s) are generated by combinatorial logic,
and XST is not able to identify which are the primary clock signals.
Please use the CLOCK_SIGNAL constraint to specify the clock signal(s) generated by combinatorial logic.

Asynchronous Control Signals Information:
----------------------------------------
-----------------------------------+------------------------+-------+
Control Signal                     | Buffer(FF name)        | Load  |
-----------------------------------+------------------------+-------+
RESET                              | IBUF                   | 30    |
-----------------------------------+------------------------+-------+

Timing Summary:
---------------
Speed Grade: -4

   Minimum period: 20.017ns (Maximum Frequency: 49.957MHz)
   Minimum input arrival time before clock: No path found
   Maximum output required time after clock: 8.976ns
   Maximum combinational path delay: No path found

Timing Detail:
--------------
All values displayed in nanoseconds (ns)

=========================================================================
Timing constraint: Default period analysis for Clock 'FPGACLK'
  Clock period: 3.182ns (frequency: 314.268MHz)
  Total number of paths / destination ports: 3 / 2
-------------------------------------------------------------------------
Delay:               3.182ns (Levels of Logic = 1)
  Source:            ClockDiv/clk_count_0 (FF)
  Destination:       ClockDiv/clk_count_0 (FF)
  Source Clock:      FPGACLK rising
  Destination Clock: FPGACLK rising

  Data Path: ClockDiv/clk_count_0 to ClockDiv/clk_count_0
                                Gate     Net
    Cell:in->out      fanout   Delay   Delay  Logical Name (Net Name)
    ----------------------------------------  ------------
     FDC:C->Q              3   0.720   0.907  ClockDiv/clk_count_0 (ClockDiv/clk_count_0)
     INV:I->O              1   0.551   0.801  ClockDiv/Mcount_clk_count_xor<0>11_INV_0 (Result<0>1)
     FDC:D                     0.203          ClockDiv/clk_count_0
    ----------------------------------------
    Total                      3.182ns (1.474ns logic, 1.708ns route)
                                       (46.3% logic, 53.7% route)

=========================================================================
Timing constraint: Default period analysis for Clock 'CLK1'
  Clock period: 20.017ns (frequency: 49.957MHz)
  Total number of paths / destination ports: 7866526 / 1468
-------------------------------------------------------------------------
Delay:               20.017ns (Levels of Logic = 41)
  Source:            processor/PC_2_1 (FF)
  Destination:       processor/i_regf/i_portA/BU2/U0/gen_dp_ram.dpram_inst/Mram_ram36 (RAM)
  Source Clock:      CLK1 rising
  Destination Clock: CLK1 rising

  Data Path: processor/PC_2_1 to processor/i_regf/i_portA/BU2/U0/gen_dp_ram.dpram_inst/Mram_ram36
                                Gate     Net
    Cell:in->out      fanout   Delay   Delay  Logical Name (Net Name)
    ----------------------------------------  ------------
     FDP:C->Q              5   0.720   1.260  processor/PC_2_1 (processor/PC_2_1)
     LUT3:I0->O           64   0.551   2.036  processor/i_imem/Mrom_RD481111_1 (processor/i_imem/Mrom_RD481111)
     begin scope: 'processor/i_regf/i_portB'
     begin scope: 'BU2'
     RAM16X1D:DPRA1->DPO    1   0.551   0.996  U0/gen_dp_ram.dpram_inst/Mram_ram1 (U0/gen_dp_ram.dpram_inst/N5)
     LUT3:I1->O            3   0.551   0.975  U0/gen_dp_ram.dpram_inst/inst_LPM_MUX3211 (dpo(0))
     end scope: 'BU2'
     end scope: 'processor/i_regf/i_portB'
     LUT3:I2->O            1   0.551   0.996  processor/SrcB<0>1 (processor/SrcB<0>)
     LUT3:I1->O            1   0.551   0.000  processor/i_alu/Madd_addout_lut<0> (processor/i_alu/Madd_addout_lut<0>)
     MUXCY:S->O            1   0.500   0.000  processor/i_alu/Madd_addout_cy<0> (processor/i_alu/Madd_addout_cy<0>)
     MUXCY:CI->O           1   0.064   0.000  processor/i_alu/Madd_addout_cy<1> (processor/i_alu/Madd_addout_cy<1>)
     MUXCY:CI->O           1   0.064   0.000  processor/i_alu/Madd_addout_cy<2> (processor/i_alu/Madd_addout_cy<2>)
     MUXCY:CI->O           1   0.064   0.000  processor/i_alu/Madd_addout_cy<3> (processor/i_alu/Madd_addout_cy<3>)
     MUXCY:CI->O           1   0.064   0.000  processor/i_alu/Madd_addout_cy<4> (processor/i_alu/Madd_addout_cy<4>)
     MUXCY:CI->O           1   0.064   0.000  processor/i_alu/Madd_addout_cy<5> (processor/i_alu/Madd_addout_cy<5>)
     MUXCY:CI->O           1   0.064   0.000  processor/i_alu/Madd_addout_cy<6> (processor/i_alu/Madd_addout_cy<6>)
     MUXCY:CI->O           1   0.064   0.000  processor/i_alu/Madd_addout_cy<7> (processor/i_alu/Madd_addout_cy<7>)
     MUXCY:CI->O           1   0.064   0.000  processor/i_alu/Madd_addout_cy<8> (processor/i_alu/Madd_addout_cy<8>)
     MUXCY:CI->O           1   0.064   0.000  processor/i_alu/Madd_addout_cy<9> (processor/i_alu/Madd_addout_cy<9>)
     MUXCY:CI->O           1   0.064   0.000  processor/i_alu/Madd_addout_cy<10> (processor/i_alu/Madd_addout_cy<10>)
     MUXCY:CI->O           1   0.064   0.000  processor/i_alu/Madd_addout_cy<11> (processor/i_alu/Madd_addout_cy<11>)
     MUXCY:CI->O           1   0.064   0.000  processor/i_alu/Madd_addout_cy<12> (processor/i_alu/Madd_addout_cy<12>)
     MUXCY:CI->O           1   0.064   0.000  processor/i_alu/Madd_addout_cy<13> (processor/i_alu/Madd_addout_cy<13>)
     MUXCY:CI->O           1   0.064   0.000  processor/i_alu/Madd_addout_cy<14> (processor/i_alu/Madd_addout_cy<14>)
     MUXCY:CI->O           1   0.064   0.000  processor/i_alu/Madd_addout_cy<15> (processor/i_alu/Madd_addout_cy<15>)
     MUXCY:CI->O           1   0.064   0.000  processor/i_alu/Madd_addout_cy<16> (processor/i_alu/Madd_addout_cy<16>)
     MUXCY:CI->O           1   0.064   0.000  processor/i_alu/Madd_addout_cy<17> (processor/i_alu/Madd_addout_cy<17>)
     MUXCY:CI->O           1   0.064   0.000  processor/i_alu/Madd_addout_cy<18> (processor/i_alu/Madd_addout_cy<18>)
     MUXCY:CI->O           1   0.064   0.000  processor/i_alu/Madd_addout_cy<19> (processor/i_alu/Madd_addout_cy<19>)
     MUXCY:CI->O           1   0.064   0.000  processor/i_alu/Madd_addout_cy<20> (processor/i_alu/Madd_addout_cy<20>)
     MUXCY:CI->O           1   0.064   0.000  processor/i_alu/Madd_addout_cy<21> (processor/i_alu/Madd_addout_cy<21>)
     MUXCY:CI->O           1   0.064   0.000  processor/i_alu/Madd_addout_cy<22> (processor/i_alu/Madd_addout_cy<22>)
     XORCY:CI->O           2   0.904   1.216  processor/i_alu/Madd_addout_xor<23> (processor/ALUResult<23>)
     LUT4:I0->O            1   0.551   0.000  processor/IsIO_cmp_eq0000_wg_lut<0> (processor/IsIO_cmp_eq0000_wg_lut<0>)
     MUXCY:S->O            1   0.500   0.000  processor/IsIO_cmp_eq0000_wg_cy<0> (processor/IsIO_cmp_eq0000_wg_cy<0>)
     MUXCY:CI->O           1   0.064   0.000  processor/IsIO_cmp_eq0000_wg_cy<1> (processor/IsIO_cmp_eq0000_wg_cy<1>)
     MUXCY:CI->O           1   0.064   0.000  processor/IsIO_cmp_eq0000_wg_cy<2> (processor/IsIO_cmp_eq0000_wg_cy<2>)
     MUXCY:CI->O           1   0.064   0.000  processor/IsIO_cmp_eq0000_wg_cy<3> (processor/IsIO_cmp_eq0000_wg_cy<3>)
     MUXCY:CI->O           1   0.064   0.000  processor/IsIO_cmp_eq0000_wg_cy<4> (processor/IsIO_cmp_eq0000_wg_cy<4>)
     MUXCY:CI->O          33   0.303   1.885  processor/IsIO_cmp_eq0000_wg_cy<5> (processor/IsIO)
     LUT4:I3->O            9   0.551   1.192  processor/Result<0>2 (processor/N3)
     LUT3:I2->O            4   0.551   0.000  processor/Result<7> (processor/Result<7>)
     begin scope: 'processor/i_regf/i_portA'
     begin scope: 'BU2'
     RAM16X1D:D                0.462          U0/gen_dp_ram.dpram_inst/Mram_ram16
    ----------------------------------------
    Total                     20.017ns (9.461ns logic, 10.556ns route)
                                       (47.3% logic, 52.7% route)

=========================================================================
Timing constraint: Default OFFSET OUT AFTER for Clock 'CLK1'
  Total number of paths / destination ports: 8 / 4
-------------------------------------------------------------------------
Offset:              8.976ns (Levels of Logic = 2)
  Source:            DispCount_14 (FF)
  Destination:       AN<3> (PAD)
  Source Clock:      CLK1 rising

  Data Path: DispCount_14 to AN<3>
                                Gate     Net
    Cell:in->out      fanout   Delay   Delay  Logical Name (Net Name)
    ----------------------------------------  ------------
     FDC:C->Q              5   0.720   1.260  DispCount_14 (DispCount_14)
     LUT2:I0->O            1   0.551   0.801  Mdecod_AN31 (AN_3_OBUF)
     OBUF:I->O                 5.644          AN_3_OBUF (AN<3>)
    ----------------------------------------
    Total                      8.976ns (6.915ns logic, 2.061ns route)
                                       (77.0% logic, 23.0% route)

=========================================================================


Total REAL time to Xst completion: 9.00 secs
Total CPU time to Xst completion: 9.44 secs
 
--> 


Total memory usage is 528352 kilobytes

Number of errors   :    0 (   0 filtered)
Number of warnings :   68 (   0 filtered)
Number of infos    :   19 (   0 filtered)

