--------------------------------------------------------------------------------
Release 14.5 Trace  (lin64)
Copyright (c) 1995-2012 Xilinx, Inc.  All rights reserved.

/opt/Xilinx/14.5/ISE_DS/ISE/bin/lin64/unwrapped/trce -intstyle ise -v 3 -s 4 -n
3 -fastpaths -xml bad_ALU.twx bad_ALU.ncd -o bad_ALU.twr bad_ALU.pcf -ucf
bad_ALU.ucf

Design file:              bad_ALU.ncd
Physical constraint file: bad_ALU.pcf
Device,package,speed:     xc3s200,ft256,-4 (PRODUCTION 1.39 2013-03-26)
Report level:             verbose report

Environment Variable      Effect 
--------------------      ------ 
NONE                      No environment variables were set
--------------------------------------------------------------------------------

INFO:Timing:2698 - No timing constraints found, doing default enumeration.
INFO:Timing:3412 - To improve timing, see the Timing Closure User Guide (UG612).
INFO:Timing:2752 - To get complete path coverage, use the unconstrained paths 
   option. All paths that are not constrained will be reported in the 
   unconstrained paths section(s) of the report.
INFO:Timing:3339 - The clock-to-out numbers in this timing report are based on 
   a 50 Ohm transmission line loading model.  For the details of this model, 
   and for more information on accounting for different loading conditions, 
   please see the device datasheet.
INFO:Timing:3390 - This architecture does not support a default System Jitter 
   value, please add SYSTEM_JITTER constraint to the UCF to modify the Clock 
   Uncertainty calculation.
INFO:Timing:3389 - This architecture does not support 'Discrete Jitter' and 
   'Phase Error' calculations, these terms will be zero in the Clock 
   Uncertainty calculation.  Please make appropriate modification to 
   SYSTEM_JITTER to account for the unsupported Discrete Jitter and Phase 
   Error.



Data Sheet report:
-----------------
All values displayed in nanoseconds (ns)

Setup/Hold to clock aluop<0>
------------+------------+------------+------------------+--------+
            |Max Setup to|Max Hold to |                  | Clock  |
Source      | clk (edge) | clk (edge) |Internal Clock(s) | Phase  |
------------+------------+------------+------------------+--------+
a<0>        |    4.753(R)|   -1.291(R)|diff_cmp_eq0000   |   0.000|
a<1>        |    4.351(R)|   -0.944(R)|diff_cmp_eq0000   |   0.000|
a<2>        |    4.686(R)|   -1.238(R)|diff_cmp_eq0000   |   0.000|
a<3>        |    5.423(R)|   -1.802(R)|diff_cmp_eq0000   |   0.000|
a<4>        |    4.170(R)|   -0.825(R)|diff_cmp_eq0000   |   0.000|
a<5>        |    5.144(R)|   -1.579(R)|diff_cmp_eq0000   |   0.000|
a<6>        |    4.099(R)|   -0.769(R)|diff_cmp_eq0000   |   0.000|
a<7>        |    4.953(R)|   -1.427(R)|diff_cmp_eq0000   |   0.000|
a<8>        |    5.702(R)|   -2.051(R)|diff_cmp_eq0000   |   0.000|
a<9>        |    4.572(R)|   -1.123(R)|diff_cmp_eq0000   |   0.000|
a<10>       |    4.096(R)|   -0.767(R)|diff_cmp_eq0000   |   0.000|
a<11>       |    4.677(R)|   -1.207(R)|diff_cmp_eq0000   |   0.000|
a<12>       |    4.735(R)|   -1.278(R)|diff_cmp_eq0000   |   0.000|
a<13>       |    4.029(R)|   -0.689(R)|diff_cmp_eq0000   |   0.000|
a<14>       |    3.926(R)|   -0.632(R)|diff_cmp_eq0000   |   0.000|
a<15>       |    4.328(R)|   -0.929(R)|diff_cmp_eq0000   |   0.000|
a<16>       |    3.795(R)|   -0.528(R)|diff_cmp_eq0000   |   0.000|
a<17>       |    4.005(R)|   -0.671(R)|diff_cmp_eq0000   |   0.000|
a<18>       |    3.921(R)|   -0.628(R)|diff_cmp_eq0000   |   0.000|
a<19>       |    3.962(R)|   -0.637(R)|diff_cmp_eq0000   |   0.000|
a<20>       |    3.776(R)|   -0.513(R)|diff_cmp_eq0000   |   0.000|
a<21>       |    3.597(R)|   -0.345(R)|diff_cmp_eq0000   |   0.000|
a<22>       |    4.146(R)|   -0.810(R)|diff_cmp_eq0000   |   0.000|
a<23>       |    2.978(R)|    0.150(R)|diff_cmp_eq0000   |   0.000|
a<24>       |    3.213(R)|   -0.063(R)|diff_cmp_eq0000   |   0.000|
a<25>       |    3.347(R)|   -0.146(R)|diff_cmp_eq0000   |   0.000|
a<26>       |    3.306(R)|   -0.138(R)|diff_cmp_eq0000   |   0.000|
a<27>       |    2.822(R)|    0.274(R)|diff_cmp_eq0000   |   0.000|
a<28>       |    2.565(R)|    0.454(R)|diff_cmp_eq0000   |   0.000|
a<29>       |    2.620(R)|    0.435(R)|diff_cmp_eq0000   |   0.000|
a<30>       |    2.492(R)|    0.511(R)|diff_cmp_eq0000   |   0.000|
a<31>       |    1.607(R)|    1.125(R)|diff_cmp_eq0000   |   0.000|
b<0>        |    4.518(R)|   -1.199(R)|diff_cmp_eq0000   |   0.000|
b<1>        |    4.222(R)|   -0.961(R)|diff_cmp_eq0000   |   0.000|
b<2>        |    4.711(R)|   -1.353(R)|diff_cmp_eq0000   |   0.000|
b<3>        |    4.110(R)|   -0.872(R)|diff_cmp_eq0000   |   0.000|
b<4>        |    3.916(R)|   -0.718(R)|diff_cmp_eq0000   |   0.000|
b<5>        |    3.989(R)|   -0.775(R)|diff_cmp_eq0000   |   0.000|
b<6>        |    4.302(R)|   -1.027(R)|diff_cmp_eq0000   |   0.000|
b<7>        |    4.353(R)|   -1.067(R)|diff_cmp_eq0000   |   0.000|
b<8>        |    4.552(R)|   -1.228(R)|diff_cmp_eq0000   |   0.000|
b<9>        |    3.726(R)|   -0.566(R)|diff_cmp_eq0000   |   0.000|
b<10>       |    4.510(R)|   -1.194(R)|diff_cmp_eq0000   |   0.000|
b<11>       |    5.140(R)|   -1.697(R)|diff_cmp_eq0000   |   0.000|
b<12>       |    3.521(R)|   -0.404(R)|diff_cmp_eq0000   |   0.000|
b<13>       |    3.741(R)|   -0.579(R)|diff_cmp_eq0000   |   0.000|
b<14>       |    3.682(R)|   -0.533(R)|diff_cmp_eq0000   |   0.000|
b<15>       |    3.688(R)|   -0.537(R)|diff_cmp_eq0000   |   0.000|
b<16>       |    3.898(R)|   -0.706(R)|diff_cmp_eq0000   |   0.000|
b<17>       |    3.925(R)|   -0.727(R)|diff_cmp_eq0000   |   0.000|
b<18>       |    3.156(R)|   -0.113(R)|diff_cmp_eq0000   |   0.000|
b<19>       |    3.161(R)|   -0.116(R)|diff_cmp_eq0000   |   0.000|
b<20>       |    3.179(R)|   -0.132(R)|diff_cmp_eq0000   |   0.000|
b<21>       |    3.349(R)|   -0.267(R)|diff_cmp_eq0000   |   0.000|
b<22>       |    3.418(R)|   -0.323(R)|diff_cmp_eq0000   |   0.000|
b<23>       |    3.624(R)|   -0.487(R)|diff_cmp_eq0000   |   0.000|
b<24>       |    2.732(R)|    0.226(R)|diff_cmp_eq0000   |   0.000|
b<25>       |    2.451(R)|    0.451(R)|diff_cmp_eq0000   |   0.000|
b<26>       |    2.718(R)|    0.236(R)|diff_cmp_eq0000   |   0.000|
b<27>       |    3.092(R)|   -0.063(R)|diff_cmp_eq0000   |   0.000|
b<28>       |    2.527(R)|    0.389(R)|diff_cmp_eq0000   |   0.000|
b<29>       |    2.674(R)|    0.272(R)|diff_cmp_eq0000   |   0.000|
b<30>       |    2.410(R)|    0.482(R)|diff_cmp_eq0000   |   0.000|
b<31>       |    1.711(R)|    1.041(R)|diff_cmp_eq0000   |   0.000|
------------+------------+------------+------------------+--------+

Setup/Hold to clock aluop<1>
------------+------------+------------+------------------+--------+
            |Max Setup to|Max Hold to |                  | Clock  |
Source      | clk (edge) | clk (edge) |Internal Clock(s) | Phase  |
------------+------------+------------+------------------+--------+
a<0>        |    4.551(R)|   -1.038(R)|diff_cmp_eq0000   |   0.000|
a<1>        |    4.149(R)|   -0.691(R)|diff_cmp_eq0000   |   0.000|
a<2>        |    4.484(R)|   -0.985(R)|diff_cmp_eq0000   |   0.000|
a<3>        |    5.221(R)|   -1.549(R)|diff_cmp_eq0000   |   0.000|
a<4>        |    3.968(R)|   -0.572(R)|diff_cmp_eq0000   |   0.000|
a<5>        |    4.942(R)|   -1.326(R)|diff_cmp_eq0000   |   0.000|
a<6>        |    3.897(R)|   -0.516(R)|diff_cmp_eq0000   |   0.000|
a<7>        |    4.751(R)|   -1.174(R)|diff_cmp_eq0000   |   0.000|
a<8>        |    5.500(R)|   -1.798(R)|diff_cmp_eq0000   |   0.000|
a<9>        |    4.370(R)|   -0.870(R)|diff_cmp_eq0000   |   0.000|
a<10>       |    3.894(R)|   -0.514(R)|diff_cmp_eq0000   |   0.000|
a<11>       |    4.475(R)|   -0.954(R)|diff_cmp_eq0000   |   0.000|
a<12>       |    4.533(R)|   -1.025(R)|diff_cmp_eq0000   |   0.000|
a<13>       |    3.827(R)|   -0.436(R)|diff_cmp_eq0000   |   0.000|
a<14>       |    3.724(R)|   -0.379(R)|diff_cmp_eq0000   |   0.000|
a<15>       |    4.126(R)|   -0.676(R)|diff_cmp_eq0000   |   0.000|
a<16>       |    3.593(R)|   -0.275(R)|diff_cmp_eq0000   |   0.000|
a<17>       |    3.803(R)|   -0.418(R)|diff_cmp_eq0000   |   0.000|
a<18>       |    3.719(R)|   -0.375(R)|diff_cmp_eq0000   |   0.000|
a<19>       |    3.760(R)|   -0.384(R)|diff_cmp_eq0000   |   0.000|
a<20>       |    3.574(R)|   -0.260(R)|diff_cmp_eq0000   |   0.000|
a<21>       |    3.395(R)|   -0.092(R)|diff_cmp_eq0000   |   0.000|
a<22>       |    3.944(R)|   -0.557(R)|diff_cmp_eq0000   |   0.000|
a<23>       |    2.776(R)|    0.403(R)|diff_cmp_eq0000   |   0.000|
a<24>       |    3.011(R)|    0.190(R)|diff_cmp_eq0000   |   0.000|
a<25>       |    3.145(R)|    0.107(R)|diff_cmp_eq0000   |   0.000|
a<26>       |    3.104(R)|    0.115(R)|diff_cmp_eq0000   |   0.000|
a<27>       |    2.620(R)|    0.527(R)|diff_cmp_eq0000   |   0.000|
a<28>       |    2.363(R)|    0.707(R)|diff_cmp_eq0000   |   0.000|
a<29>       |    2.418(R)|    0.688(R)|diff_cmp_eq0000   |   0.000|
a<30>       |    2.290(R)|    0.764(R)|diff_cmp_eq0000   |   0.000|
a<31>       |    1.405(R)|    1.378(R)|diff_cmp_eq0000   |   0.000|
b<0>        |    4.316(R)|   -0.946(R)|diff_cmp_eq0000   |   0.000|
b<1>        |    4.020(R)|   -0.708(R)|diff_cmp_eq0000   |   0.000|
b<2>        |    4.509(R)|   -1.100(R)|diff_cmp_eq0000   |   0.000|
b<3>        |    3.908(R)|   -0.619(R)|diff_cmp_eq0000   |   0.000|
b<4>        |    3.714(R)|   -0.465(R)|diff_cmp_eq0000   |   0.000|
b<5>        |    3.787(R)|   -0.522(R)|diff_cmp_eq0000   |   0.000|
b<6>        |    4.100(R)|   -0.774(R)|diff_cmp_eq0000   |   0.000|
b<7>        |    4.151(R)|   -0.814(R)|diff_cmp_eq0000   |   0.000|
b<8>        |    4.350(R)|   -0.975(R)|diff_cmp_eq0000   |   0.000|
b<9>        |    3.524(R)|   -0.313(R)|diff_cmp_eq0000   |   0.000|
b<10>       |    4.308(R)|   -0.941(R)|diff_cmp_eq0000   |   0.000|
b<11>       |    4.938(R)|   -1.444(R)|diff_cmp_eq0000   |   0.000|
b<12>       |    3.319(R)|   -0.151(R)|diff_cmp_eq0000   |   0.000|
b<13>       |    3.539(R)|   -0.326(R)|diff_cmp_eq0000   |   0.000|
b<14>       |    3.480(R)|   -0.280(R)|diff_cmp_eq0000   |   0.000|
b<15>       |    3.486(R)|   -0.284(R)|diff_cmp_eq0000   |   0.000|
b<16>       |    3.696(R)|   -0.453(R)|diff_cmp_eq0000   |   0.000|
b<17>       |    3.723(R)|   -0.474(R)|diff_cmp_eq0000   |   0.000|
b<18>       |    2.954(R)|    0.140(R)|diff_cmp_eq0000   |   0.000|
b<19>       |    2.959(R)|    0.137(R)|diff_cmp_eq0000   |   0.000|
b<20>       |    2.977(R)|    0.121(R)|diff_cmp_eq0000   |   0.000|
b<21>       |    3.147(R)|   -0.014(R)|diff_cmp_eq0000   |   0.000|
b<22>       |    3.216(R)|   -0.070(R)|diff_cmp_eq0000   |   0.000|
b<23>       |    3.422(R)|   -0.234(R)|diff_cmp_eq0000   |   0.000|
b<24>       |    2.530(R)|    0.479(R)|diff_cmp_eq0000   |   0.000|
b<25>       |    2.249(R)|    0.704(R)|diff_cmp_eq0000   |   0.000|
b<26>       |    2.516(R)|    0.489(R)|diff_cmp_eq0000   |   0.000|
b<27>       |    2.890(R)|    0.190(R)|diff_cmp_eq0000   |   0.000|
b<28>       |    2.325(R)|    0.642(R)|diff_cmp_eq0000   |   0.000|
b<29>       |    2.472(R)|    0.525(R)|diff_cmp_eq0000   |   0.000|
b<30>       |    2.208(R)|    0.735(R)|diff_cmp_eq0000   |   0.000|
b<31>       |    1.509(R)|    1.294(R)|diff_cmp_eq0000   |   0.000|
------------+------------+------------+------------------+--------+

Setup/Hold to clock aluop<2>
------------+------------+------------+------------------+--------+
            |Max Setup to|Max Hold to |                  | Clock  |
Source      | clk (edge) | clk (edge) |Internal Clock(s) | Phase  |
------------+------------+------------+------------------+--------+
a<0>        |    5.162(R)|   -1.803(R)|diff_cmp_eq0000   |   0.000|
a<1>        |    4.760(R)|   -1.456(R)|diff_cmp_eq0000   |   0.000|
a<2>        |    5.095(R)|   -1.750(R)|diff_cmp_eq0000   |   0.000|
a<3>        |    5.832(R)|   -2.314(R)|diff_cmp_eq0000   |   0.000|
a<4>        |    4.579(R)|   -1.337(R)|diff_cmp_eq0000   |   0.000|
a<5>        |    5.553(R)|   -2.091(R)|diff_cmp_eq0000   |   0.000|
a<6>        |    4.508(R)|   -1.281(R)|diff_cmp_eq0000   |   0.000|
a<7>        |    5.362(R)|   -1.939(R)|diff_cmp_eq0000   |   0.000|
a<8>        |    6.111(R)|   -2.563(R)|diff_cmp_eq0000   |   0.000|
a<9>        |    4.981(R)|   -1.635(R)|diff_cmp_eq0000   |   0.000|
a<10>       |    4.505(R)|   -1.279(R)|diff_cmp_eq0000   |   0.000|
a<11>       |    5.086(R)|   -1.719(R)|diff_cmp_eq0000   |   0.000|
a<12>       |    5.144(R)|   -1.790(R)|diff_cmp_eq0000   |   0.000|
a<13>       |    4.438(R)|   -1.201(R)|diff_cmp_eq0000   |   0.000|
a<14>       |    4.335(R)|   -1.144(R)|diff_cmp_eq0000   |   0.000|
a<15>       |    4.737(R)|   -1.441(R)|diff_cmp_eq0000   |   0.000|
a<16>       |    4.204(R)|   -1.040(R)|diff_cmp_eq0000   |   0.000|
a<17>       |    4.414(R)|   -1.183(R)|diff_cmp_eq0000   |   0.000|
a<18>       |    4.330(R)|   -1.140(R)|diff_cmp_eq0000   |   0.000|
a<19>       |    4.371(R)|   -1.149(R)|diff_cmp_eq0000   |   0.000|
a<20>       |    4.185(R)|   -1.025(R)|diff_cmp_eq0000   |   0.000|
a<21>       |    4.006(R)|   -0.857(R)|diff_cmp_eq0000   |   0.000|
a<22>       |    4.555(R)|   -1.322(R)|diff_cmp_eq0000   |   0.000|
a<23>       |    3.387(R)|   -0.362(R)|diff_cmp_eq0000   |   0.000|
a<24>       |    3.622(R)|   -0.575(R)|diff_cmp_eq0000   |   0.000|
a<25>       |    3.756(R)|   -0.658(R)|diff_cmp_eq0000   |   0.000|
a<26>       |    3.715(R)|   -0.650(R)|diff_cmp_eq0000   |   0.000|
a<27>       |    3.231(R)|   -0.238(R)|diff_cmp_eq0000   |   0.000|
a<28>       |    2.974(R)|   -0.058(R)|diff_cmp_eq0000   |   0.000|
a<29>       |    3.029(R)|   -0.077(R)|diff_cmp_eq0000   |   0.000|
a<30>       |    2.901(R)|   -0.001(R)|diff_cmp_eq0000   |   0.000|
a<31>       |    2.016(R)|    0.613(R)|diff_cmp_eq0000   |   0.000|
b<0>        |    4.927(R)|   -1.711(R)|diff_cmp_eq0000   |   0.000|
b<1>        |    4.631(R)|   -1.473(R)|diff_cmp_eq0000   |   0.000|
b<2>        |    5.120(R)|   -1.865(R)|diff_cmp_eq0000   |   0.000|
b<3>        |    4.519(R)|   -1.384(R)|diff_cmp_eq0000   |   0.000|
b<4>        |    4.325(R)|   -1.230(R)|diff_cmp_eq0000   |   0.000|
b<5>        |    4.398(R)|   -1.287(R)|diff_cmp_eq0000   |   0.000|
b<6>        |    4.711(R)|   -1.539(R)|diff_cmp_eq0000   |   0.000|
b<7>        |    4.762(R)|   -1.579(R)|diff_cmp_eq0000   |   0.000|
b<8>        |    4.961(R)|   -1.740(R)|diff_cmp_eq0000   |   0.000|
b<9>        |    4.135(R)|   -1.078(R)|diff_cmp_eq0000   |   0.000|
b<10>       |    4.919(R)|   -1.706(R)|diff_cmp_eq0000   |   0.000|
b<11>       |    5.549(R)|   -2.209(R)|diff_cmp_eq0000   |   0.000|
b<12>       |    3.930(R)|   -0.916(R)|diff_cmp_eq0000   |   0.000|
b<13>       |    4.150(R)|   -1.091(R)|diff_cmp_eq0000   |   0.000|
b<14>       |    4.091(R)|   -1.045(R)|diff_cmp_eq0000   |   0.000|
b<15>       |    4.097(R)|   -1.049(R)|diff_cmp_eq0000   |   0.000|
b<16>       |    4.307(R)|   -1.218(R)|diff_cmp_eq0000   |   0.000|
b<17>       |    4.334(R)|   -1.239(R)|diff_cmp_eq0000   |   0.000|
b<18>       |    3.565(R)|   -0.625(R)|diff_cmp_eq0000   |   0.000|
b<19>       |    3.570(R)|   -0.628(R)|diff_cmp_eq0000   |   0.000|
b<20>       |    3.588(R)|   -0.644(R)|diff_cmp_eq0000   |   0.000|
b<21>       |    3.758(R)|   -0.779(R)|diff_cmp_eq0000   |   0.000|
b<22>       |    3.827(R)|   -0.835(R)|diff_cmp_eq0000   |   0.000|
b<23>       |    4.033(R)|   -0.999(R)|diff_cmp_eq0000   |   0.000|
b<24>       |    3.141(R)|   -0.286(R)|diff_cmp_eq0000   |   0.000|
b<25>       |    2.860(R)|   -0.061(R)|diff_cmp_eq0000   |   0.000|
b<26>       |    3.127(R)|   -0.276(R)|diff_cmp_eq0000   |   0.000|
b<27>       |    3.501(R)|   -0.575(R)|diff_cmp_eq0000   |   0.000|
b<28>       |    2.936(R)|   -0.123(R)|diff_cmp_eq0000   |   0.000|
b<29>       |    3.083(R)|   -0.240(R)|diff_cmp_eq0000   |   0.000|
b<30>       |    2.819(R)|   -0.030(R)|diff_cmp_eq0000   |   0.000|
b<31>       |    2.120(R)|    0.529(R)|diff_cmp_eq0000   |   0.000|
------------+------------+------------+------------------+--------+

Setup/Hold to clock aluop<3>
------------+------------+------------+------------------+--------+
            |Max Setup to|Max Hold to |                  | Clock  |
Source      | clk (edge) | clk (edge) |Internal Clock(s) | Phase  |
------------+------------+------------+------------------+--------+
a<0>        |    4.512(R)|   -0.991(R)|diff_cmp_eq0000   |   0.000|
a<1>        |    4.110(R)|   -0.644(R)|diff_cmp_eq0000   |   0.000|
a<2>        |    4.445(R)|   -0.938(R)|diff_cmp_eq0000   |   0.000|
a<3>        |    5.182(R)|   -1.502(R)|diff_cmp_eq0000   |   0.000|
a<4>        |    3.929(R)|   -0.525(R)|diff_cmp_eq0000   |   0.000|
a<5>        |    4.903(R)|   -1.279(R)|diff_cmp_eq0000   |   0.000|
a<6>        |    3.858(R)|   -0.469(R)|diff_cmp_eq0000   |   0.000|
a<7>        |    4.712(R)|   -1.127(R)|diff_cmp_eq0000   |   0.000|
a<8>        |    5.461(R)|   -1.751(R)|diff_cmp_eq0000   |   0.000|
a<9>        |    4.331(R)|   -0.823(R)|diff_cmp_eq0000   |   0.000|
a<10>       |    3.855(R)|   -0.467(R)|diff_cmp_eq0000   |   0.000|
a<11>       |    4.436(R)|   -0.907(R)|diff_cmp_eq0000   |   0.000|
a<12>       |    4.494(R)|   -0.978(R)|diff_cmp_eq0000   |   0.000|
a<13>       |    3.788(R)|   -0.389(R)|diff_cmp_eq0000   |   0.000|
a<14>       |    3.685(R)|   -0.332(R)|diff_cmp_eq0000   |   0.000|
a<15>       |    4.087(R)|   -0.629(R)|diff_cmp_eq0000   |   0.000|
a<16>       |    3.554(R)|   -0.228(R)|diff_cmp_eq0000   |   0.000|
a<17>       |    3.764(R)|   -0.371(R)|diff_cmp_eq0000   |   0.000|
a<18>       |    3.680(R)|   -0.328(R)|diff_cmp_eq0000   |   0.000|
a<19>       |    3.721(R)|   -0.337(R)|diff_cmp_eq0000   |   0.000|
a<20>       |    3.535(R)|   -0.213(R)|diff_cmp_eq0000   |   0.000|
a<21>       |    3.356(R)|   -0.045(R)|diff_cmp_eq0000   |   0.000|
a<22>       |    3.905(R)|   -0.510(R)|diff_cmp_eq0000   |   0.000|
a<23>       |    2.737(R)|    0.450(R)|diff_cmp_eq0000   |   0.000|
a<24>       |    2.972(R)|    0.237(R)|diff_cmp_eq0000   |   0.000|
a<25>       |    3.106(R)|    0.154(R)|diff_cmp_eq0000   |   0.000|
a<26>       |    3.065(R)|    0.162(R)|diff_cmp_eq0000   |   0.000|
a<27>       |    2.581(R)|    0.574(R)|diff_cmp_eq0000   |   0.000|
a<28>       |    2.324(R)|    0.754(R)|diff_cmp_eq0000   |   0.000|
a<29>       |    2.379(R)|    0.735(R)|diff_cmp_eq0000   |   0.000|
a<30>       |    2.251(R)|    0.811(R)|diff_cmp_eq0000   |   0.000|
a<31>       |    1.366(R)|    1.425(R)|diff_cmp_eq0000   |   0.000|
b<0>        |    4.277(R)|   -0.899(R)|diff_cmp_eq0000   |   0.000|
b<1>        |    3.981(R)|   -0.661(R)|diff_cmp_eq0000   |   0.000|
b<2>        |    4.470(R)|   -1.053(R)|diff_cmp_eq0000   |   0.000|
b<3>        |    3.869(R)|   -0.572(R)|diff_cmp_eq0000   |   0.000|
b<4>        |    3.675(R)|   -0.418(R)|diff_cmp_eq0000   |   0.000|
b<5>        |    3.748(R)|   -0.475(R)|diff_cmp_eq0000   |   0.000|
b<6>        |    4.061(R)|   -0.727(R)|diff_cmp_eq0000   |   0.000|
b<7>        |    4.112(R)|   -0.767(R)|diff_cmp_eq0000   |   0.000|
b<8>        |    4.311(R)|   -0.928(R)|diff_cmp_eq0000   |   0.000|
b<9>        |    3.485(R)|   -0.266(R)|diff_cmp_eq0000   |   0.000|
b<10>       |    4.269(R)|   -0.894(R)|diff_cmp_eq0000   |   0.000|
b<11>       |    4.899(R)|   -1.397(R)|diff_cmp_eq0000   |   0.000|
b<12>       |    3.280(R)|   -0.104(R)|diff_cmp_eq0000   |   0.000|
b<13>       |    3.500(R)|   -0.279(R)|diff_cmp_eq0000   |   0.000|
b<14>       |    3.441(R)|   -0.233(R)|diff_cmp_eq0000   |   0.000|
b<15>       |    3.447(R)|   -0.237(R)|diff_cmp_eq0000   |   0.000|
b<16>       |    3.657(R)|   -0.406(R)|diff_cmp_eq0000   |   0.000|
b<17>       |    3.684(R)|   -0.427(R)|diff_cmp_eq0000   |   0.000|
b<18>       |    2.915(R)|    0.187(R)|diff_cmp_eq0000   |   0.000|
b<19>       |    2.920(R)|    0.184(R)|diff_cmp_eq0000   |   0.000|
b<20>       |    2.938(R)|    0.168(R)|diff_cmp_eq0000   |   0.000|
b<21>       |    3.108(R)|    0.033(R)|diff_cmp_eq0000   |   0.000|
b<22>       |    3.177(R)|   -0.023(R)|diff_cmp_eq0000   |   0.000|
b<23>       |    3.383(R)|   -0.187(R)|diff_cmp_eq0000   |   0.000|
b<24>       |    2.491(R)|    0.526(R)|diff_cmp_eq0000   |   0.000|
b<25>       |    2.210(R)|    0.751(R)|diff_cmp_eq0000   |   0.000|
b<26>       |    2.477(R)|    0.536(R)|diff_cmp_eq0000   |   0.000|
b<27>       |    2.851(R)|    0.237(R)|diff_cmp_eq0000   |   0.000|
b<28>       |    2.286(R)|    0.689(R)|diff_cmp_eq0000   |   0.000|
b<29>       |    2.433(R)|    0.572(R)|diff_cmp_eq0000   |   0.000|
b<30>       |    2.169(R)|    0.782(R)|diff_cmp_eq0000   |   0.000|
b<31>       |    1.470(R)|    1.341(R)|diff_cmp_eq0000   |   0.000|
------------+------------+------------+------------------+--------+

Clock aluop<0> to Pad
------------+------------+------------------+--------+
            | clk (edge) |                  | Clock  |
Destination |   to PAD   |Internal Clock(s) | Phase  |
------------+------------+------------------+--------+
result<0>   |   15.613(R)|diff_cmp_eq0000   |   0.000|
zero        |   18.407(R)|diff_cmp_eq0000   |   0.000|
------------+------------+------------------+--------+

Clock aluop<1> to Pad
------------+------------+------------------+--------+
            | clk (edge) |                  | Clock  |
Destination |   to PAD   |Internal Clock(s) | Phase  |
------------+------------+------------------+--------+
result<0>   |   15.866(R)|diff_cmp_eq0000   |   0.000|
zero        |   18.660(R)|diff_cmp_eq0000   |   0.000|
------------+------------+------------------+--------+

Clock aluop<2> to Pad
------------+------------+------------------+--------+
            | clk (edge) |                  | Clock  |
Destination |   to PAD   |Internal Clock(s) | Phase  |
------------+------------+------------------+--------+
result<0>   |   15.101(R)|diff_cmp_eq0000   |   0.000|
zero        |   17.895(R)|diff_cmp_eq0000   |   0.000|
------------+------------+------------------+--------+

Clock aluop<3> to Pad
------------+------------+------------------+--------+
            | clk (edge) |                  | Clock  |
Destination |   to PAD   |Internal Clock(s) | Phase  |
------------+------------+------------------+--------+
result<0>   |   15.913(R)|diff_cmp_eq0000   |   0.000|
zero        |   18.707(R)|diff_cmp_eq0000   |   0.000|
------------+------------+------------------+--------+

Pad to Pad
---------------+---------------+---------+
Source Pad     |Destination Pad|  Delay  |
---------------+---------------+---------+
a<0>           |result<0>      |   14.527|
a<0>           |result<1>      |   13.368|
a<0>           |result<2>      |   13.927|
a<0>           |result<3>      |   14.039|
a<0>           |result<4>      |   15.306|
a<0>           |result<5>      |   14.969|
a<0>           |result<6>      |   13.509|
a<0>           |result<7>      |   16.315|
a<0>           |result<8>      |   14.424|
a<0>           |result<9>      |   16.797|
a<0>           |result<10>     |   15.320|
a<0>           |result<11>     |   14.083|
a<0>           |result<12>     |   15.414|
a<0>           |result<13>     |   14.643|
a<0>           |result<14>     |   16.051|
a<0>           |result<15>     |   13.420|
a<0>           |result<16>     |   14.627|
a<0>           |result<17>     |   14.493|
a<0>           |result<18>     |   16.695|
a<0>           |result<19>     |   16.122|
a<0>           |result<20>     |   16.263|
a<0>           |result<21>     |   16.276|
a<0>           |result<22>     |   15.473|
a<0>           |result<23>     |   16.014|
a<0>           |result<24>     |   15.912|
a<0>           |result<25>     |   16.563|
a<0>           |result<26>     |   16.924|
a<0>           |result<27>     |   16.176|
a<0>           |result<28>     |   16.413|
a<0>           |result<29>     |   16.971|
a<0>           |result<30>     |   14.116|
a<0>           |result<31>     |   17.110|
a<0>           |zero           |   19.175|
a<1>           |result<1>      |   12.522|
a<1>           |result<2>      |   13.538|
a<1>           |result<3>      |   13.702|
a<1>           |result<4>      |   15.071|
a<1>           |result<5>      |   14.734|
a<1>           |result<6>      |   13.107|
a<1>           |result<7>      |   15.913|
a<1>           |result<8>      |   14.022|
a<1>           |result<9>      |   16.562|
a<1>           |result<10>     |   15.085|
a<1>           |result<11>     |   13.848|
a<1>           |result<12>     |   15.012|
a<1>           |result<13>     |   14.408|
a<1>           |result<14>     |   15.649|
a<1>           |result<15>     |   13.175|
a<1>           |result<16>     |   14.392|
a<1>           |result<17>     |   14.258|
a<1>           |result<18>     |   16.293|
a<1>           |result<19>     |   15.720|
a<1>           |result<20>     |   16.028|
a<1>           |result<21>     |   16.041|
a<1>           |result<22>     |   15.238|
a<1>           |result<23>     |   15.612|
a<1>           |result<24>     |   15.510|
a<1>           |result<25>     |   16.328|
a<1>           |result<26>     |   16.689|
a<1>           |result<27>     |   15.941|
a<1>           |result<28>     |   16.178|
a<1>           |result<29>     |   16.736|
a<1>           |result<30>     |   13.881|
a<1>           |result<31>     |   16.708|
a<1>           |zero           |   18.850|
a<2>           |result<2>      |   13.293|
a<2>           |result<3>      |   14.077|
a<2>           |result<4>      |   15.671|
a<2>           |result<5>      |   15.334|
a<2>           |result<6>      |   13.463|
a<2>           |result<7>      |   16.508|
a<2>           |result<8>      |   14.453|
a<2>           |result<9>      |   17.162|
a<2>           |result<10>     |   15.685|
a<2>           |result<11>     |   14.448|
a<2>           |result<12>     |   15.457|
a<2>           |result<13>     |   15.008|
a<2>           |result<14>     |   16.192|
a<2>           |result<15>     |   13.775|
a<2>           |result<16>     |   14.992|
a<2>           |result<17>     |   14.858|
a<2>           |result<18>     |   16.628|
a<2>           |result<19>     |   16.094|
a<2>           |result<20>     |   16.628|
a<2>           |result<21>     |   16.641|
a<2>           |result<22>     |   15.838|
a<2>           |result<23>     |   16.133|
a<2>           |result<24>     |   15.845|
a<2>           |result<25>     |   16.928|
a<2>           |result<26>     |   17.289|
a<2>           |result<27>     |   16.541|
a<2>           |result<28>     |   16.778|
a<2>           |result<29>     |   17.336|
a<2>           |result<30>     |   14.481|
a<2>           |result<31>     |   17.307|
a<2>           |zero           |   19.450|
a<3>           |result<3>      |   14.383|
a<3>           |result<4>      |   16.421|
a<3>           |result<5>      |   16.084|
a<3>           |result<6>      |   14.213|
a<3>           |result<7>      |   17.258|
a<3>           |result<8>      |   15.203|
a<3>           |result<9>      |   17.912|
a<3>           |result<10>     |   16.435|
a<3>           |result<11>     |   15.198|
a<3>           |result<12>     |   16.207|
a<3>           |result<13>     |   15.758|
a<3>           |result<14>     |   16.942|
a<3>           |result<15>     |   14.525|
a<3>           |result<16>     |   15.742|
a<3>           |result<17>     |   15.608|
a<3>           |result<18>     |   17.365|
a<3>           |result<19>     |   16.844|
a<3>           |result<20>     |   17.378|
a<3>           |result<21>     |   17.391|
a<3>           |result<22>     |   16.588|
a<3>           |result<23>     |   16.883|
a<3>           |result<24>     |   16.582|
a<3>           |result<25>     |   17.678|
a<3>           |result<26>     |   18.039|
a<3>           |result<27>     |   17.291|
a<3>           |result<28>     |   17.528|
a<3>           |result<29>     |   18.086|
a<3>           |result<30>     |   15.231|
a<3>           |result<31>     |   18.057|
a<3>           |zero           |   20.200|
a<4>           |result<4>      |   14.235|
a<4>           |result<5>      |   14.518|
a<4>           |result<6>      |   12.926|
a<4>           |result<7>      |   15.917|
a<4>           |result<8>      |   13.862|
a<4>           |result<9>      |   16.571|
a<4>           |result<10>     |   15.094|
a<4>           |result<11>     |   13.857|
a<4>           |result<12>     |   14.866|
a<4>           |result<13>     |   14.417|
a<4>           |result<14>     |   15.601|
a<4>           |result<15>     |   13.184|
a<4>           |result<16>     |   14.401|
a<4>           |result<17>     |   14.267|
a<4>           |result<18>     |   16.112|
a<4>           |result<19>     |   15.539|
a<4>           |result<20>     |   16.037|
a<4>           |result<21>     |   16.050|
a<4>           |result<22>     |   15.247|
a<4>           |result<23>     |   15.542|
a<4>           |result<24>     |   15.329|
a<4>           |result<25>     |   16.337|
a<4>           |result<26>     |   16.698|
a<4>           |result<27>     |   15.950|
a<4>           |result<28>     |   16.187|
a<4>           |result<29>     |   16.745|
a<4>           |result<30>     |   13.890|
a<4>           |result<31>     |   16.716|
a<4>           |zero           |   18.859|
a<5>           |result<5>      |   15.297|
a<5>           |result<6>      |   14.095|
a<5>           |result<7>      |   17.140|
a<5>           |result<8>      |   15.085|
a<5>           |result<9>      |   17.794|
a<5>           |result<10>     |   16.317|
a<5>           |result<11>     |   15.080|
a<5>           |result<12>     |   16.089|
a<5>           |result<13>     |   15.640|
a<5>           |result<14>     |   16.824|
a<5>           |result<15>     |   14.407|
a<5>           |result<16>     |   15.624|
a<5>           |result<17>     |   15.490|
a<5>           |result<18>     |   17.124|
a<5>           |result<19>     |   16.726|
a<5>           |result<20>     |   17.260|
a<5>           |result<21>     |   17.273|
a<5>           |result<22>     |   16.470|
a<5>           |result<23>     |   16.765|
a<5>           |result<24>     |   16.415|
a<5>           |result<25>     |   17.560|
a<5>           |result<26>     |   17.921|
a<5>           |result<27>     |   17.173|
a<5>           |result<28>     |   17.410|
a<5>           |result<29>     |   17.968|
a<5>           |result<30>     |   15.113|
a<5>           |result<31>     |   17.939|
a<5>           |zero           |   20.082|
a<6>           |result<6>      |   12.018|
a<6>           |result<7>      |   15.528|
a<6>           |result<8>      |   13.770|
a<6>           |result<9>      |   16.407|
a<6>           |result<10>     |   14.930|
a<6>           |result<11>     |   13.693|
a<6>           |result<12>     |   14.760|
a<6>           |result<13>     |   14.253|
a<6>           |result<14>     |   15.437|
a<6>           |result<15>     |   13.020|
a<6>           |result<16>     |   14.237|
a<6>           |result<17>     |   14.103|
a<6>           |result<18>     |   16.041|
a<6>           |result<19>     |   15.468|
a<6>           |result<20>     |   15.873|
a<6>           |result<21>     |   15.886|
a<6>           |result<22>     |   15.083|
a<6>           |result<23>     |   15.378|
a<6>           |result<24>     |   15.258|
a<6>           |result<25>     |   16.173|
a<6>           |result<26>     |   16.534|
a<6>           |result<27>     |   15.786|
a<6>           |result<28>     |   16.023|
a<6>           |result<29>     |   16.581|
a<6>           |result<30>     |   13.726|
a<6>           |result<31>     |   16.552|
a<6>           |zero           |   18.695|
a<7>           |result<7>      |   15.854|
a<7>           |result<8>      |   14.624|
a<7>           |result<9>      |   17.152|
a<7>           |result<10>     |   15.675|
a<7>           |result<11>     |   14.438|
a<7>           |result<12>     |   15.614|
a<7>           |result<13>     |   14.998|
a<7>           |result<14>     |   16.251|
a<7>           |result<15>     |   13.765|
a<7>           |result<16>     |   14.982|
a<7>           |result<17>     |   14.848|
a<7>           |result<18>     |   16.895|
a<7>           |result<19>     |   16.322|
a<7>           |result<20>     |   16.618|
a<7>           |result<21>     |   16.631|
a<7>           |result<22>     |   15.828|
a<7>           |result<23>     |   16.214|
a<7>           |result<24>     |   16.112|
a<7>           |result<25>     |   16.918|
a<7>           |result<26>     |   17.279|
a<7>           |result<27>     |   16.531|
a<7>           |result<28>     |   16.768|
a<7>           |result<29>     |   17.326|
a<7>           |result<30>     |   14.471|
a<7>           |result<31>     |   17.310|
a<7>           |zero           |   19.440|
a<8>           |result<8>      |   14.536|
a<8>           |result<9>      |   16.888|
a<8>           |result<10>     |   15.636|
a<8>           |result<11>     |   14.863|
a<8>           |result<12>     |   16.363|
a<8>           |result<13>     |   14.966|
a<8>           |result<14>     |   17.000|
a<8>           |result<15>     |   14.369|
a<8>           |result<16>     |   15.473|
a<8>           |result<17>     |   15.248|
a<8>           |result<18>     |   17.644|
a<8>           |result<19>     |   17.071|
a<8>           |result<20>     |   16.774|
a<8>           |result<21>     |   16.733|
a<8>           |result<22>     |   15.799|
a<8>           |result<23>     |   16.963|
a<8>           |result<24>     |   16.861|
a<8>           |result<25>     |   17.036|
a<8>           |result<26>     |   17.529|
a<8>           |result<27>     |   16.879|
a<8>           |result<28>     |   16.729|
a<8>           |result<29>     |   17.647|
a<8>           |result<30>     |   14.473|
a<8>           |result<31>     |   18.059|
a<8>           |zero           |   20.124|
a<9>           |result<9>      |   16.600|
a<9>           |result<10>     |   15.792|
a<9>           |result<11>     |   14.555|
a<9>           |result<12>     |   15.564|
a<9>           |result<13>     |   15.115|
a<9>           |result<14>     |   16.299|
a<9>           |result<15>     |   13.882|
a<9>           |result<16>     |   15.099|
a<9>           |result<17>     |   14.965|
a<9>           |result<18>     |   16.599|
a<9>           |result<19>     |   16.201|
a<9>           |result<20>     |   16.735|
a<9>           |result<21>     |   16.748|
a<9>           |result<22>     |   15.945|
a<9>           |result<23>     |   16.240|
a<9>           |result<24>     |   15.890|
a<9>           |result<25>     |   17.035|
a<9>           |result<26>     |   17.396|
a<9>           |result<27>     |   16.648|
a<9>           |result<28>     |   16.885|
a<9>           |result<29>     |   17.443|
a<9>           |result<30>     |   14.588|
a<9>           |result<31>     |   17.414|
a<9>           |zero           |   19.557|
a<10>          |result<10>     |   14.847|
a<10>          |result<11>     |   14.230|
a<10>          |result<12>     |   15.464|
a<10>          |result<13>     |   15.015|
a<10>          |result<14>     |   16.199|
a<10>          |result<15>     |   13.782|
a<10>          |result<16>     |   14.999|
a<10>          |result<17>     |   14.865|
a<10>          |result<18>     |   16.499|
a<10>          |result<19>     |   16.101|
a<10>          |result<20>     |   16.635|
a<10>          |result<21>     |   16.648|
a<10>          |result<22>     |   15.845|
a<10>          |result<23>     |   16.140|
a<10>          |result<24>     |   15.790|
a<10>          |result<25>     |   16.935|
a<10>          |result<26>     |   17.296|
a<10>          |result<27>     |   16.548|
a<10>          |result<28>     |   16.785|
a<10>          |result<29>     |   17.343|
a<10>          |result<30>     |   14.488|
a<10>          |result<31>     |   17.314|
a<10>          |zero           |   19.457|
a<11>          |result<11>     |   13.999|
a<11>          |result<12>     |   15.677|
a<11>          |result<13>     |   15.228|
a<11>          |result<14>     |   16.412|
a<11>          |result<15>     |   13.995|
a<11>          |result<16>     |   15.212|
a<11>          |result<17>     |   15.078|
a<11>          |result<18>     |   16.712|
a<11>          |result<19>     |   16.314|
a<11>          |result<20>     |   16.848|
a<11>          |result<21>     |   16.861|
a<11>          |result<22>     |   16.058|
a<11>          |result<23>     |   16.353|
a<11>          |result<24>     |   16.003|
a<11>          |result<25>     |   17.148|
a<11>          |result<26>     |   17.509|
a<11>          |result<27>     |   16.761|
a<11>          |result<28>     |   16.998|
a<11>          |result<29>     |   17.556|
a<11>          |result<30>     |   14.701|
a<11>          |result<31>     |   17.527|
a<11>          |zero           |   19.670|
a<12>          |result<12>     |   14.582|
a<12>          |result<13>     |   14.520|
a<12>          |result<14>     |   16.033|
a<12>          |result<15>     |   13.512|
a<12>          |result<16>     |   14.729|
a<12>          |result<17>     |   14.595|
a<12>          |result<18>     |   16.677|
a<12>          |result<19>     |   16.104|
a<12>          |result<20>     |   16.365|
a<12>          |result<21>     |   16.378|
a<12>          |result<22>     |   15.575|
a<12>          |result<23>     |   15.996|
a<12>          |result<24>     |   15.894|
a<12>          |result<25>     |   16.665|
a<12>          |result<26>     |   17.026|
a<12>          |result<27>     |   16.278|
a<12>          |result<28>     |   16.515|
a<12>          |result<29>     |   17.073|
a<12>          |result<30>     |   14.218|
a<12>          |result<31>     |   17.092|
a<12>          |zero           |   19.187|
a<13>          |result<13>     |   14.085|
a<13>          |result<14>     |   15.938|
a<13>          |result<15>     |   13.521|
a<13>          |result<16>     |   14.738|
a<13>          |result<17>     |   14.604|
a<13>          |result<18>     |   16.238|
a<13>          |result<19>     |   15.840|
a<13>          |result<20>     |   16.374|
a<13>          |result<21>     |   16.387|
a<13>          |result<22>     |   15.584|
a<13>          |result<23>     |   15.879|
a<13>          |result<24>     |   15.529|
a<13>          |result<25>     |   16.674|
a<13>          |result<26>     |   17.035|
a<13>          |result<27>     |   16.287|
a<13>          |result<28>     |   16.524|
a<13>          |result<29>     |   17.082|
a<13>          |result<30>     |   14.227|
a<13>          |result<31>     |   17.053|
a<13>          |zero           |   19.196|
a<14>          |result<14>     |   15.176|
a<14>          |result<15>     |   13.096|
a<14>          |result<16>     |   14.538|
a<14>          |result<17>     |   14.404|
a<14>          |result<18>     |   16.038|
a<14>          |result<19>     |   15.640|
a<14>          |result<20>     |   16.174|
a<14>          |result<21>     |   16.187|
a<14>          |result<22>     |   15.384|
a<14>          |result<23>     |   15.679|
a<14>          |result<24>     |   15.329|
a<14>          |result<25>     |   16.474|
a<14>          |result<26>     |   16.835|
a<14>          |result<27>     |   16.087|
a<14>          |result<28>     |   16.324|
a<14>          |result<29>     |   16.882|
a<14>          |result<30>     |   14.027|
a<14>          |result<31>     |   16.853|
a<14>          |zero           |   18.996|
a<15>          |result<15>     |   12.667|
a<15>          |result<16>     |   14.553|
a<15>          |result<17>     |   14.419|
a<15>          |result<18>     |   16.270|
a<15>          |result<19>     |   15.697|
a<15>          |result<20>     |   16.189|
a<15>          |result<21>     |   16.202|
a<15>          |result<22>     |   15.399|
a<15>          |result<23>     |   15.694|
a<15>          |result<24>     |   15.487|
a<15>          |result<25>     |   16.489|
a<15>          |result<26>     |   16.850|
a<15>          |result<27>     |   16.102|
a<15>          |result<28>     |   16.339|
a<15>          |result<29>     |   16.897|
a<15>          |result<30>     |   14.042|
a<15>          |result<31>     |   16.868|
a<15>          |zero           |   19.011|
a<16>          |result<16>     |   13.726|
a<16>          |result<17>     |   14.212|
a<16>          |result<18>     |   16.071|
a<16>          |result<19>     |   15.673|
a<16>          |result<20>     |   16.207|
a<16>          |result<21>     |   16.220|
a<16>          |result<22>     |   15.417|
a<16>          |result<23>     |   15.712|
a<16>          |result<24>     |   15.362|
a<16>          |result<25>     |   16.507|
a<16>          |result<26>     |   16.868|
a<16>          |result<27>     |   16.120|
a<16>          |result<28>     |   16.357|
a<16>          |result<29>     |   16.915|
a<16>          |result<30>     |   14.060|
a<16>          |result<31>     |   16.886|
a<16>          |zero           |   19.029|
a<17>          |result<17>     |   13.569|
a<17>          |result<18>     |   15.947|
a<17>          |result<19>     |   15.474|
a<17>          |result<20>     |   16.008|
a<17>          |result<21>     |   16.021|
a<17>          |result<22>     |   15.218|
a<17>          |result<23>     |   15.513|
a<17>          |result<24>     |   15.164|
a<17>          |result<25>     |   16.308|
a<17>          |result<26>     |   16.669|
a<17>          |result<27>     |   15.921|
a<17>          |result<28>     |   16.158|
a<17>          |result<29>     |   16.716|
a<17>          |result<30>     |   13.861|
a<17>          |result<31>     |   16.687|
a<17>          |zero           |   18.830|
a<18>          |result<18>     |   15.026|
a<18>          |result<19>     |   15.073|
a<18>          |result<20>     |   15.827|
a<18>          |result<21>     |   15.840|
a<18>          |result<22>     |   15.037|
a<18>          |result<23>     |   15.332|
a<18>          |result<24>     |   15.080|
a<18>          |result<25>     |   16.127|
a<18>          |result<26>     |   16.488|
a<18>          |result<27>     |   15.740|
a<18>          |result<28>     |   15.977|
a<18>          |result<29>     |   16.535|
a<18>          |result<30>     |   13.680|
a<18>          |result<31>     |   16.506|
a<18>          |zero           |   18.649|
a<19>          |result<19>     |   14.860|
a<19>          |result<20>     |   16.063|
a<19>          |result<21>     |   16.076|
a<19>          |result<22>     |   15.273|
a<19>          |result<23>     |   15.568|
a<19>          |result<24>     |   15.218|
a<19>          |result<25>     |   16.363|
a<19>          |result<26>     |   16.724|
a<19>          |result<27>     |   15.976|
a<19>          |result<28>     |   16.213|
a<19>          |result<29>     |   16.771|
a<19>          |result<30>     |   13.916|
a<19>          |result<31>     |   16.742|
a<19>          |zero           |   18.885|
a<20>          |result<20>     |   14.531|
a<20>          |result<21>     |   15.164|
a<20>          |result<22>     |   14.586|
a<20>          |result<23>     |   15.037|
a<20>          |result<24>     |   14.935|
a<20>          |result<25>     |   15.676|
a<20>          |result<26>     |   16.037|
a<20>          |result<27>     |   15.289|
a<20>          |result<28>     |   15.526|
a<20>          |result<29>     |   16.084|
a<20>          |result<30>     |   13.229|
a<20>          |result<31>     |   16.133|
a<20>          |zero           |   18.198|
a<21>          |result<21>     |   15.362|
a<21>          |result<22>     |   15.228|
a<21>          |result<23>     |   15.523|
a<21>          |result<24>     |   15.173|
a<21>          |result<25>     |   16.318|
a<21>          |result<26>     |   16.679|
a<21>          |result<27>     |   15.931|
a<21>          |result<28>     |   16.168|
a<21>          |result<29>     |   16.726|
a<21>          |result<30>     |   13.871|
a<21>          |result<31>     |   16.697|
a<21>          |zero           |   18.840|
a<22>          |result<22>     |   13.795|
a<22>          |result<23>     |   15.190|
a<22>          |result<24>     |   15.305|
a<22>          |result<25>     |   15.730|
a<22>          |result<26>     |   16.091|
a<22>          |result<27>     |   15.343|
a<22>          |result<28>     |   15.580|
a<22>          |result<29>     |   16.138|
a<22>          |result<30>     |   13.283|
a<22>          |result<31>     |   16.503|
a<22>          |zero           |   18.568|
a<23>          |result<23>     |   14.887|
a<23>          |result<24>     |   15.206|
a<23>          |result<25>     |   16.351|
a<23>          |result<26>     |   16.712|
a<23>          |result<27>     |   15.964|
a<23>          |result<28>     |   16.201|
a<23>          |result<29>     |   16.759|
a<23>          |result<30>     |   13.904|
a<23>          |result<31>     |   16.730|
a<23>          |zero           |   18.873|
a<24>          |result<24>     |   13.535|
a<24>          |result<25>     |   15.234|
a<24>          |result<26>     |   15.820|
a<24>          |result<27>     |   15.072|
a<24>          |result<28>     |   15.309|
a<24>          |result<29>     |   15.867|
a<24>          |result<30>     |   13.012|
a<24>          |result<31>     |   15.838|
a<24>          |zero           |   17.981|
a<25>          |result<25>     |   14.840|
a<25>          |result<26>     |   15.870|
a<25>          |result<27>     |   15.122|
a<25>          |result<28>     |   15.359|
a<25>          |result<29>     |   15.917|
a<25>          |result<30>     |   13.062|
a<25>          |result<31>     |   15.888|
a<25>          |zero           |   18.031|
a<26>          |result<26>     |   14.713|
a<26>          |result<27>     |   14.585|
a<26>          |result<28>     |   15.047|
a<26>          |result<29>     |   15.605|
a<26>          |result<30>     |   12.750|
a<26>          |result<31>     |   15.663|
a<26>          |zero           |   17.719|
a<27>          |result<27>     |   14.321|
a<27>          |result<28>     |   15.227|
a<27>          |result<29>     |   15.785|
a<27>          |result<30>     |   12.930|
a<27>          |result<31>     |   15.756|
a<27>          |zero           |   17.899|
a<28>          |result<28>     |   13.708|
a<28>          |result<29>     |   14.886|
a<28>          |result<30>     |   12.256|
a<28>          |result<31>     |   15.082|
a<28>          |zero           |   16.441|
a<29>          |result<29>     |   14.755|
a<29>          |result<30>     |   12.569|
a<29>          |result<31>     |   15.395|
a<29>          |zero           |   16.754|
a<30>          |result<30>     |   11.688|
a<30>          |result<31>     |   15.134|
a<30>          |zero           |   16.421|
a<31>          |result<31>     |   14.400|
a<31>          |zero           |   15.687|
aluop<0>       |result<0>      |   14.545|
aluop<0>       |result<1>      |   14.725|
aluop<0>       |result<2>      |   13.733|
aluop<0>       |result<3>      |   14.147|
aluop<0>       |result<4>      |   15.906|
aluop<0>       |result<5>      |   14.004|
aluop<0>       |result<6>      |   12.464|
aluop<0>       |result<7>      |   16.802|
aluop<0>       |result<8>      |   12.468|
aluop<0>       |result<9>      |   16.687|
aluop<0>       |result<10>     |   13.624|
aluop<0>       |result<11>     |   12.952|
aluop<0>       |result<12>     |   15.442|
aluop<0>       |result<13>     |   13.110|
aluop<0>       |result<14>     |   14.584|
aluop<0>       |result<15>     |   13.554|
aluop<0>       |result<16>     |   12.429|
aluop<0>       |result<17>     |   13.299|
aluop<0>       |result<18>     |   14.744|
aluop<0>       |result<19>     |   14.816|
aluop<0>       |result<20>     |   14.465|
aluop<0>       |result<21>     |   15.860|
aluop<0>       |result<22>     |   15.438|
aluop<0>       |result<23>     |   15.717|
aluop<0>       |result<24>     |   14.455|
aluop<0>       |result<25>     |   16.033|
aluop<0>       |result<26>     |   15.405|
aluop<0>       |result<27>     |   16.061|
aluop<0>       |result<28>     |   14.837|
aluop<0>       |result<29>     |   15.683|
aluop<0>       |result<30>     |   13.934|
aluop<0>       |result<31>     |   15.977|
aluop<0>       |zero           |   18.313|
aluop<1>       |result<0>      |   14.707|
aluop<1>       |result<1>      |   14.542|
aluop<1>       |result<2>      |   13.540|
aluop<1>       |result<3>      |   13.946|
aluop<1>       |result<4>      |   15.705|
aluop<1>       |result<5>      |   13.803|
aluop<1>       |result<6>      |   12.263|
aluop<1>       |result<7>      |   16.601|
aluop<1>       |result<8>      |   12.267|
aluop<1>       |result<9>      |   16.504|
aluop<1>       |result<10>     |   13.500|
aluop<1>       |result<11>     |   13.114|
aluop<1>       |result<12>     |   15.259|
aluop<1>       |result<13>     |   12.949|
aluop<1>       |result<14>     |   14.539|
aluop<1>       |result<15>     |   13.474|
aluop<1>       |result<16>     |   12.558|
aluop<1>       |result<17>     |   13.098|
aluop<1>       |result<18>     |   14.850|
aluop<1>       |result<19>     |   14.633|
aluop<1>       |result<20>     |   14.627|
aluop<1>       |result<21>     |   16.022|
aluop<1>       |result<22>     |   15.276|
aluop<1>       |result<23>     |   15.537|
aluop<1>       |result<24>     |   14.468|
aluop<1>       |result<25>     |   15.850|
aluop<1>       |result<26>     |   15.222|
aluop<1>       |result<27>     |   15.878|
aluop<1>       |result<28>     |   14.654|
aluop<1>       |result<29>     |   15.500|
aluop<1>       |result<30>     |   13.776|
aluop<1>       |result<31>     |   15.794|
aluop<1>       |zero           |   18.130|
aluop<2>       |result<0>      |   14.027|
aluop<2>       |result<1>      |   14.207|
aluop<2>       |result<2>      |   14.037|
aluop<2>       |result<3>      |   13.635|
aluop<2>       |result<4>      |   15.371|
aluop<2>       |result<5>      |   13.469|
aluop<2>       |result<6>      |   12.183|
aluop<2>       |result<7>      |   16.267|
aluop<2>       |result<8>      |   11.933|
aluop<2>       |result<9>      |   16.169|
aluop<2>       |result<10>     |   13.890|
aluop<2>       |result<11>     |   13.151|
aluop<2>       |result<12>     |   15.167|
aluop<2>       |result<13>     |   14.078|
aluop<2>       |result<14>     |   15.369|
aluop<2>       |result<15>     |   13.036|
aluop<2>       |result<16>     |   14.436|
aluop<2>       |result<17>     |   14.061|
aluop<2>       |result<18>     |   16.252|
aluop<2>       |result<19>     |   15.125|
aluop<2>       |result<20>     |   13.947|
aluop<2>       |result<21>     |   15.512|
aluop<2>       |result<22>     |   14.982|
aluop<2>       |result<23>     |   15.800|
aluop<2>       |result<24>     |   13.937|
aluop<2>       |result<25>     |   15.989|
aluop<2>       |result<26>     |   14.887|
aluop<2>       |result<27>     |   15.606|
aluop<2>       |result<28>     |   14.319|
aluop<2>       |result<29>     |   16.245|
aluop<2>       |result<30>     |   13.676|
aluop<2>       |result<31>     |   16.599|
aluop<2>       |zero           |   18.565|
aluop<3>       |result<0>      |   14.769|
aluop<3>       |result<1>      |   14.949|
aluop<3>       |result<2>      |   14.830|
aluop<3>       |result<3>      |   14.361|
aluop<3>       |result<4>      |   16.120|
aluop<3>       |result<5>      |   14.218|
aluop<3>       |result<6>      |   12.779|
aluop<3>       |result<7>      |   17.016|
aluop<3>       |result<8>      |   12.682|
aluop<3>       |result<9>      |   16.911|
aluop<3>       |result<10>     |   14.270|
aluop<3>       |result<11>     |   13.176|
aluop<3>       |result<12>     |   15.666|
aluop<3>       |result<13>     |   13.986|
aluop<3>       |result<14>     |   16.069|
aluop<3>       |result<15>     |   13.778|
aluop<3>       |result<16>     |   14.621|
aluop<3>       |result<17>     |   14.184|
aluop<3>       |result<18>     |   16.103|
aluop<3>       |result<19>     |   15.175|
aluop<3>       |result<20>     |   14.689|
aluop<3>       |result<21>     |   16.117|
aluop<3>       |result<22>     |   15.662|
aluop<3>       |result<23>     |   15.941|
aluop<3>       |result<24>     |   14.679|
aluop<3>       |result<25>     |   16.257|
aluop<3>       |result<26>     |   15.629|
aluop<3>       |result<27>     |   16.285|
aluop<3>       |result<28>     |   15.061|
aluop<3>       |result<29>     |   16.040|
aluop<3>       |result<30>     |   14.158|
aluop<3>       |result<31>     |   16.456|
aluop<3>       |zero           |   18.750|
b<0>           |result<0>      |   14.292|
b<0>           |result<1>      |   13.223|
b<0>           |result<2>      |   14.086|
b<0>           |result<3>      |   14.250|
b<0>           |result<4>      |   15.619|
b<0>           |result<5>      |   15.282|
b<0>           |result<6>      |   13.411|
b<0>           |result<7>      |   16.456|
b<0>           |result<8>      |   14.401|
b<0>           |result<9>      |   17.110|
b<0>           |result<10>     |   15.633|
b<0>           |result<11>     |   14.396|
b<0>           |result<12>     |   15.405|
b<0>           |result<13>     |   14.956|
b<0>           |result<14>     |   16.140|
b<0>           |result<15>     |   13.723|
b<0>           |result<16>     |   14.940|
b<0>           |result<17>     |   14.806|
b<0>           |result<18>     |   16.460|
b<0>           |result<19>     |   16.042|
b<0>           |result<20>     |   16.576|
b<0>           |result<21>     |   16.589|
b<0>           |result<22>     |   15.786|
b<0>           |result<23>     |   16.081|
b<0>           |result<24>     |   15.731|
b<0>           |result<25>     |   16.876|
b<0>           |result<26>     |   17.237|
b<0>           |result<27>     |   16.489|
b<0>           |result<28>     |   16.726|
b<0>           |result<29>     |   17.284|
b<0>           |result<30>     |   14.429|
b<0>           |result<31>     |   17.255|
b<0>           |zero           |   19.398|
b<1>           |result<1>      |   12.393|
b<1>           |result<2>      |   13.396|
b<1>           |result<3>      |   13.508|
b<1>           |result<4>      |   14.819|
b<1>           |result<5>      |   14.482|
b<1>           |result<6>      |   12.978|
b<1>           |result<7>      |   15.784|
b<1>           |result<8>      |   13.893|
b<1>           |result<9>      |   16.310|
b<1>           |result<10>     |   14.833|
b<1>           |result<11>     |   13.596|
b<1>           |result<12>     |   14.883|
b<1>           |result<13>     |   14.156|
b<1>           |result<14>     |   15.520|
b<1>           |result<15>     |   12.923|
b<1>           |result<16>     |   14.140|
b<1>           |result<17>     |   14.006|
b<1>           |result<18>     |   16.164|
b<1>           |result<19>     |   15.591|
b<1>           |result<20>     |   15.776|
b<1>           |result<21>     |   15.789|
b<1>           |result<22>     |   14.986|
b<1>           |result<23>     |   15.483|
b<1>           |result<24>     |   15.381|
b<1>           |result<25>     |   16.076|
b<1>           |result<26>     |   16.437|
b<1>           |result<27>     |   15.689|
b<1>           |result<28>     |   15.926|
b<1>           |result<29>     |   16.484|
b<1>           |result<30>     |   13.629|
b<1>           |result<31>     |   16.579|
b<1>           |zero           |   18.644|
b<2>           |result<2>      |   13.048|
b<2>           |result<3>      |   13.780|
b<2>           |result<4>      |   15.200|
b<2>           |result<5>      |   14.759|
b<2>           |result<6>      |   13.467|
b<2>           |result<7>      |   16.273|
b<2>           |result<8>      |   14.382|
b<2>           |result<9>      |   16.587|
b<2>           |result<10>     |   15.110|
b<2>           |result<11>     |   13.873|
b<2>           |result<12>     |   15.372|
b<2>           |result<13>     |   14.433|
b<2>           |result<14>     |   16.009|
b<2>           |result<15>     |   13.378|
b<2>           |result<16>     |   14.482|
b<2>           |result<17>     |   14.283|
b<2>           |result<18>     |   16.653|
b<2>           |result<19>     |   16.080|
b<2>           |result<20>     |   16.053|
b<2>           |result<21>     |   16.066|
b<2>           |result<22>     |   15.263|
b<2>           |result<23>     |   15.972|
b<2>           |result<24>     |   15.870|
b<2>           |result<25>     |   16.353|
b<2>           |result<26>     |   16.714|
b<2>           |result<27>     |   15.966|
b<2>           |result<28>     |   16.203|
b<2>           |result<29>     |   16.761|
b<2>           |result<30>     |   13.906|
b<2>           |result<31>     |   17.068|
b<2>           |zero           |   19.133|
b<3>           |result<3>      |   13.538|
b<3>           |result<4>      |   15.576|
b<3>           |result<5>      |   15.239|
b<3>           |result<6>      |   13.368|
b<3>           |result<7>      |   16.413|
b<3>           |result<8>      |   14.358|
b<3>           |result<9>      |   17.067|
b<3>           |result<10>     |   15.590|
b<3>           |result<11>     |   14.353|
b<3>           |result<12>     |   15.362|
b<3>           |result<13>     |   14.913|
b<3>           |result<14>     |   16.097|
b<3>           |result<15>     |   13.680|
b<3>           |result<16>     |   14.897|
b<3>           |result<17>     |   14.763|
b<3>           |result<18>     |   16.397|
b<3>           |result<19>     |   15.999|
b<3>           |result<20>     |   16.533|
b<3>           |result<21>     |   16.546|
b<3>           |result<22>     |   15.743|
b<3>           |result<23>     |   16.038|
b<3>           |result<24>     |   15.688|
b<3>           |result<25>     |   16.833|
b<3>           |result<26>     |   17.194|
b<3>           |result<27>     |   16.446|
b<3>           |result<28>     |   16.683|
b<3>           |result<29>     |   17.241|
b<3>           |result<30>     |   14.386|
b<3>           |result<31>     |   17.212|
b<3>           |zero           |   19.355|
b<4>           |result<4>      |   15.036|
b<4>           |result<5>      |   15.319|
b<4>           |result<6>      |   13.673|
b<4>           |result<7>      |   16.718|
b<4>           |result<8>      |   14.663|
b<4>           |result<9>      |   17.372|
b<4>           |result<10>     |   15.895|
b<4>           |result<11>     |   14.658|
b<4>           |result<12>     |   15.667|
b<4>           |result<13>     |   15.218|
b<4>           |result<14>     |   16.402|
b<4>           |result<15>     |   13.985|
b<4>           |result<16>     |   15.202|
b<4>           |result<17>     |   15.068|
b<4>           |result<18>     |   16.702|
b<4>           |result<19>     |   16.304|
b<4>           |result<20>     |   16.838|
b<4>           |result<21>     |   16.851|
b<4>           |result<22>     |   16.048|
b<4>           |result<23>     |   16.343|
b<4>           |result<24>     |   15.993|
b<4>           |result<25>     |   17.138|
b<4>           |result<26>     |   17.499|
b<4>           |result<27>     |   16.751|
b<4>           |result<28>     |   16.988|
b<4>           |result<29>     |   17.546|
b<4>           |result<30>     |   14.691|
b<4>           |result<31>     |   17.517|
b<4>           |zero           |   19.660|
b<5>           |result<5>      |   14.412|
b<5>           |result<6>      |   13.210|
b<5>           |result<7>      |   16.255|
b<5>           |result<8>      |   14.200|
b<5>           |result<9>      |   16.909|
b<5>           |result<10>     |   15.432|
b<5>           |result<11>     |   14.195|
b<5>           |result<12>     |   15.204|
b<5>           |result<13>     |   14.755|
b<5>           |result<14>     |   15.939|
b<5>           |result<15>     |   13.522|
b<5>           |result<16>     |   14.739|
b<5>           |result<17>     |   14.605|
b<5>           |result<18>     |   16.239|
b<5>           |result<19>     |   15.841|
b<5>           |result<20>     |   16.375|
b<5>           |result<21>     |   16.388|
b<5>           |result<22>     |   15.585|
b<5>           |result<23>     |   15.880|
b<5>           |result<24>     |   15.530|
b<5>           |result<25>     |   16.675|
b<5>           |result<26>     |   17.036|
b<5>           |result<27>     |   16.288|
b<5>           |result<28>     |   16.525|
b<5>           |result<29>     |   17.083|
b<5>           |result<30>     |   14.228|
b<5>           |result<31>     |   17.054|
b<5>           |zero           |   19.197|
b<6>           |result<6>      |   12.736|
b<6>           |result<7>      |   16.401|
b<6>           |result<8>      |   14.571|
b<6>           |result<9>      |   17.280|
b<6>           |result<10>     |   15.803|
b<6>           |result<11>     |   14.566|
b<6>           |result<12>     |   15.575|
b<6>           |result<13>     |   15.126|
b<6>           |result<14>     |   16.310|
b<6>           |result<15>     |   13.893|
b<6>           |result<16>     |   15.110|
b<6>           |result<17>     |   14.976|
b<6>           |result<18>     |   16.610|
b<6>           |result<19>     |   16.212|
b<6>           |result<20>     |   16.746|
b<6>           |result<21>     |   16.759|
b<6>           |result<22>     |   15.956|
b<6>           |result<23>     |   16.251|
b<6>           |result<24>     |   15.901|
b<6>           |result<25>     |   17.046|
b<6>           |result<26>     |   17.407|
b<6>           |result<27>     |   16.659|
b<6>           |result<28>     |   16.896|
b<6>           |result<29>     |   17.454|
b<6>           |result<30>     |   14.599|
b<6>           |result<31>     |   17.425|
b<6>           |zero           |   19.568|
b<7>           |result<7>      |   15.254|
b<7>           |result<8>      |   14.024|
b<7>           |result<9>      |   16.554|
b<7>           |result<10>     |   15.077|
b<7>           |result<11>     |   13.840|
b<7>           |result<12>     |   15.014|
b<7>           |result<13>     |   14.400|
b<7>           |result<14>     |   15.651|
b<7>           |result<15>     |   13.167|
b<7>           |result<16>     |   14.384|
b<7>           |result<17>     |   14.250|
b<7>           |result<18>     |   16.295|
b<7>           |result<19>     |   15.722|
b<7>           |result<20>     |   16.020|
b<7>           |result<21>     |   16.033|
b<7>           |result<22>     |   15.230|
b<7>           |result<23>     |   15.614|
b<7>           |result<24>     |   15.512|
b<7>           |result<25>     |   16.320|
b<7>           |result<26>     |   16.681|
b<7>           |result<27>     |   15.933|
b<7>           |result<28>     |   16.170|
b<7>           |result<29>     |   16.728|
b<7>           |result<30>     |   13.873|
b<7>           |result<31>     |   16.710|
b<7>           |zero           |   18.842|
b<8>           |result<8>      |   13.683|
b<8>           |result<9>      |   17.012|
b<8>           |result<10>     |   15.760|
b<8>           |result<11>     |   14.523|
b<8>           |result<12>     |   15.532|
b<8>           |result<13>     |   15.083|
b<8>           |result<14>     |   16.267|
b<8>           |result<15>     |   13.850|
b<8>           |result<16>     |   15.067|
b<8>           |result<17>     |   14.933|
b<8>           |result<18>     |   16.567|
b<8>           |result<19>     |   16.169|
b<8>           |result<20>     |   16.703|
b<8>           |result<21>     |   16.716|
b<8>           |result<22>     |   15.913|
b<8>           |result<23>     |   16.208|
b<8>           |result<24>     |   15.858|
b<8>           |result<25>     |   17.003|
b<8>           |result<26>     |   17.364|
b<8>           |result<27>     |   16.616|
b<8>           |result<28>     |   16.853|
b<8>           |result<29>     |   17.411|
b<8>           |result<30>     |   14.556|
b<8>           |result<31>     |   17.382|
b<8>           |zero           |   19.525|
b<9>           |result<9>      |   16.038|
b<9>           |result<10>     |   15.230|
b<9>           |result<11>     |   13.993|
b<9>           |result<12>     |   15.002|
b<9>           |result<13>     |   14.553|
b<9>           |result<14>     |   15.737|
b<9>           |result<15>     |   13.320|
b<9>           |result<16>     |   14.537|
b<9>           |result<17>     |   14.403|
b<9>           |result<18>     |   16.037|
b<9>           |result<19>     |   15.639|
b<9>           |result<20>     |   16.173|
b<9>           |result<21>     |   16.186|
b<9>           |result<22>     |   15.383|
b<9>           |result<23>     |   15.678|
b<9>           |result<24>     |   15.328|
b<9>           |result<25>     |   16.473|
b<9>           |result<26>     |   16.834|
b<9>           |result<27>     |   16.086|
b<9>           |result<28>     |   16.323|
b<9>           |result<29>     |   16.881|
b<9>           |result<30>     |   14.026|
b<9>           |result<31>     |   16.852|
b<9>           |zero           |   18.995|
b<10>          |result<10>     |   14.988|
b<10>          |result<11>     |   14.371|
b<10>          |result<12>     |   15.605|
b<10>          |result<13>     |   15.156|
b<10>          |result<14>     |   16.340|
b<10>          |result<15>     |   13.923|
b<10>          |result<16>     |   15.140|
b<10>          |result<17>     |   15.006|
b<10>          |result<18>     |   16.640|
b<10>          |result<19>     |   16.242|
b<10>          |result<20>     |   16.776|
b<10>          |result<21>     |   16.789|
b<10>          |result<22>     |   15.986|
b<10>          |result<23>     |   16.281|
b<10>          |result<24>     |   15.931|
b<10>          |result<25>     |   17.076|
b<10>          |result<26>     |   17.437|
b<10>          |result<27>     |   16.689|
b<10>          |result<28>     |   16.926|
b<10>          |result<29>     |   17.484|
b<10>          |result<30>     |   14.629|
b<10>          |result<31>     |   17.455|
b<10>          |zero           |   19.598|
b<11>          |result<11>     |   13.640|
b<11>          |result<12>     |   15.801|
b<11>          |result<13>     |   14.467|
b<11>          |result<14>     |   16.438|
b<11>          |result<15>     |   13.807|
b<11>          |result<16>     |   14.911|
b<11>          |result<17>     |   14.686|
b<11>          |result<18>     |   17.082|
b<11>          |result<19>     |   16.509|
b<11>          |result<20>     |   16.212|
b<11>          |result<21>     |   16.171|
b<11>          |result<22>     |   15.297|
b<11>          |result<23>     |   16.401|
b<11>          |result<24>     |   16.299|
b<11>          |result<25>     |   16.474|
b<11>          |result<26>     |   16.967|
b<11>          |result<27>     |   16.317|
b<11>          |result<28>     |   16.237|
b<11>          |result<29>     |   17.085|
b<11>          |result<30>     |   13.940|
b<11>          |result<31>     |   17.497|
b<11>          |zero           |   19.562|
b<12>          |result<12>     |   13.959|
b<12>          |result<13>     |   14.130|
b<12>          |result<14>     |   15.539|
b<12>          |result<15>     |   13.122|
b<12>          |result<16>     |   14.339|
b<12>          |result<17>     |   14.205|
b<12>          |result<18>     |   15.839|
b<12>          |result<19>     |   15.441|
b<12>          |result<20>     |   15.975|
b<12>          |result<21>     |   15.988|
b<12>          |result<22>     |   15.185|
b<12>          |result<23>     |   15.480|
b<12>          |result<24>     |   15.130|
b<12>          |result<25>     |   16.275|
b<12>          |result<26>     |   16.636|
b<12>          |result<27>     |   15.888|
b<12>          |result<28>     |   16.125|
b<12>          |result<29>     |   16.683|
b<12>          |result<30>     |   13.828|
b<12>          |result<31>     |   16.654|
b<12>          |zero           |   18.797|
b<13>          |result<13>     |   13.746|
b<13>          |result<14>     |   15.599|
b<13>          |result<15>     |   13.182|
b<13>          |result<16>     |   14.399|
b<13>          |result<17>     |   14.265|
b<13>          |result<18>     |   15.899|
b<13>          |result<19>     |   15.501|
b<13>          |result<20>     |   16.035|
b<13>          |result<21>     |   16.048|
b<13>          |result<22>     |   15.245|
b<13>          |result<23>     |   15.540|
b<13>          |result<24>     |   15.190|
b<13>          |result<25>     |   16.335|
b<13>          |result<26>     |   16.696|
b<13>          |result<27>     |   15.948|
b<13>          |result<28>     |   16.185|
b<13>          |result<29>     |   16.743|
b<13>          |result<30>     |   13.888|
b<13>          |result<31>     |   16.714|
b<13>          |zero           |   18.857|
b<14>          |result<14>     |   14.493|
b<14>          |result<15>     |   12.188|
b<14>          |result<16>     |   13.630|
b<14>          |result<17>     |   13.496|
b<14>          |result<18>     |   15.624|
b<14>          |result<19>     |   15.051|
b<14>          |result<20>     |   15.266|
b<14>          |result<21>     |   15.279|
b<14>          |result<22>     |   14.476|
b<14>          |result<23>     |   14.943|
b<14>          |result<24>     |   14.841|
b<14>          |result<25>     |   15.566|
b<14>          |result<26>     |   15.927|
b<14>          |result<27>     |   15.179|
b<14>          |result<28>     |   15.416|
b<14>          |result<29>     |   15.974|
b<14>          |result<30>     |   13.119|
b<14>          |result<31>     |   16.039|
b<14>          |zero           |   18.104|
b<15>          |result<15>     |   12.745|
b<15>          |result<16>     |   14.631|
b<15>          |result<17>     |   14.497|
b<15>          |result<18>     |   16.131|
b<15>          |result<19>     |   15.733|
b<15>          |result<20>     |   16.267|
b<15>          |result<21>     |   16.280|
b<15>          |result<22>     |   15.477|
b<15>          |result<23>     |   15.772|
b<15>          |result<24>     |   15.422|
b<15>          |result<25>     |   16.567|
b<15>          |result<26>     |   16.928|
b<15>          |result<27>     |   16.180|
b<15>          |result<28>     |   16.417|
b<15>          |result<29>     |   16.975|
b<15>          |result<30>     |   14.120|
b<15>          |result<31>     |   16.946|
b<15>          |zero           |   19.089|
b<16>          |result<16>     |   13.526|
b<16>          |result<17>     |   14.012|
b<16>          |result<18>     |   15.871|
b<16>          |result<19>     |   15.473|
b<16>          |result<20>     |   16.007|
b<16>          |result<21>     |   16.020|
b<16>          |result<22>     |   15.217|
b<16>          |result<23>     |   15.512|
b<16>          |result<24>     |   15.162|
b<16>          |result<25>     |   16.307|
b<16>          |result<26>     |   16.668|
b<16>          |result<27>     |   15.920|
b<16>          |result<28>     |   16.157|
b<16>          |result<29>     |   16.715|
b<16>          |result<30>     |   13.860|
b<16>          |result<31>     |   16.686|
b<16>          |zero           |   18.829|
b<17>          |result<17>     |   12.831|
b<17>          |result<18>     |   15.867|
b<17>          |result<19>     |   15.294|
b<17>          |result<20>     |   15.270|
b<17>          |result<21>     |   15.283|
b<17>          |result<22>     |   14.480|
b<17>          |result<23>     |   15.186|
b<17>          |result<24>     |   15.084|
b<17>          |result<25>     |   15.570|
b<17>          |result<26>     |   15.931|
b<17>          |result<27>     |   15.183|
b<17>          |result<28>     |   15.420|
b<17>          |result<29>     |   15.978|
b<17>          |result<30>     |   13.123|
b<17>          |result<31>     |   16.282|
b<17>          |zero           |   18.347|
b<18>          |result<18>     |   14.366|
b<18>          |result<19>     |   14.588|
b<18>          |result<20>     |   15.347|
b<18>          |result<21>     |   15.360|
b<18>          |result<22>     |   14.557|
b<18>          |result<23>     |   14.852|
b<18>          |result<24>     |   14.502|
b<18>          |result<25>     |   15.647|
b<18>          |result<26>     |   16.008|
b<18>          |result<27>     |   15.260|
b<18>          |result<28>     |   15.497|
b<18>          |result<29>     |   16.055|
b<18>          |result<30>     |   13.200|
b<18>          |result<31>     |   16.026|
b<18>          |zero           |   18.169|
b<19>          |result<19>     |   14.138|
b<19>          |result<20>     |   15.341|
b<19>          |result<21>     |   15.354|
b<19>          |result<22>     |   14.551|
b<19>          |result<23>     |   14.846|
b<19>          |result<24>     |   14.496|
b<19>          |result<25>     |   15.641|
b<19>          |result<26>     |   16.002|
b<19>          |result<27>     |   15.254|
b<19>          |result<28>     |   15.491|
b<19>          |result<29>     |   16.049|
b<19>          |result<30>     |   13.194|
b<19>          |result<31>     |   16.020|
b<19>          |zero           |   18.163|
b<20>          |result<20>     |   14.532|
b<20>          |result<21>     |   15.165|
b<20>          |result<22>     |   14.587|
b<20>          |result<23>     |   14.882|
b<20>          |result<24>     |   14.532|
b<20>          |result<25>     |   15.677|
b<20>          |result<26>     |   16.038|
b<20>          |result<27>     |   15.290|
b<20>          |result<28>     |   15.527|
b<20>          |result<29>     |   16.085|
b<20>          |result<30>     |   13.230|
b<20>          |result<31>     |   16.056|
b<20>          |zero           |   18.199|
b<21>          |result<21>     |   15.212|
b<21>          |result<22>     |   15.078|
b<21>          |result<23>     |   15.373|
b<21>          |result<24>     |   15.023|
b<21>          |result<25>     |   16.168|
b<21>          |result<26>     |   16.529|
b<21>          |result<27>     |   15.781|
b<21>          |result<28>     |   16.018|
b<21>          |result<29>     |   16.576|
b<21>          |result<30>     |   13.721|
b<21>          |result<31>     |   16.547|
b<21>          |zero           |   18.690|
b<22>          |result<22>     |   13.928|
b<22>          |result<23>     |   14.843|
b<22>          |result<24>     |   14.718|
b<22>          |result<25>     |   15.863|
b<22>          |result<26>     |   16.224|
b<22>          |result<27>     |   15.476|
b<22>          |result<28>     |   15.713|
b<22>          |result<29>     |   16.271|
b<22>          |result<30>     |   13.416|
b<22>          |result<31>     |   16.242|
b<22>          |zero           |   18.385|
b<23>          |result<23>     |   14.228|
b<23>          |result<24>     |   14.783|
b<23>          |result<25>     |   15.692|
b<23>          |result<26>     |   16.053|
b<23>          |result<27>     |   15.305|
b<23>          |result<28>     |   15.542|
b<23>          |result<29>     |   16.100|
b<23>          |result<30>     |   13.245|
b<23>          |result<31>     |   16.071|
b<23>          |zero           |   18.214|
b<24>          |result<24>     |   13.202|
b<24>          |result<25>     |   14.967|
b<24>          |result<26>     |   15.553|
b<24>          |result<27>     |   14.805|
b<24>          |result<28>     |   15.042|
b<24>          |result<29>     |   15.600|
b<24>          |result<30>     |   12.745|
b<24>          |result<31>     |   15.571|
b<24>          |zero           |   17.714|
b<25>          |result<25>     |   14.101|
b<25>          |result<26>     |   15.131|
b<25>          |result<27>     |   14.383|
b<25>          |result<28>     |   14.620|
b<25>          |result<29>     |   15.178|
b<25>          |result<30>     |   12.323|
b<25>          |result<31>     |   15.149|
b<25>          |zero           |   17.292|
b<26>          |result<26>     |   14.673|
b<26>          |result<27>     |   14.545|
b<26>          |result<28>     |   15.007|
b<26>          |result<29>     |   15.565|
b<26>          |result<30>     |   12.710|
b<26>          |result<31>     |   15.536|
b<26>          |zero           |   17.679|
b<27>          |result<27>     |   14.427|
b<27>          |result<28>     |   15.333|
b<27>          |result<29>     |   15.891|
b<27>          |result<30>     |   13.036|
b<27>          |result<31>     |   15.862|
b<27>          |zero           |   18.005|
b<28>          |result<28>     |   14.062|
b<28>          |result<29>     |   15.240|
b<28>          |result<30>     |   12.610|
b<28>          |result<31>     |   15.436|
b<28>          |zero           |   16.795|
b<29>          |result<29>     |   15.390|
b<29>          |result<30>     |   13.204|
b<29>          |result<31>     |   16.030|
b<29>          |zero           |   17.389|
b<30>          |result<30>     |   11.982|
b<30>          |result<31>     |   15.428|
b<30>          |zero           |   16.715|
b<31>          |result<31>     |   14.609|
b<31>          |zero           |   15.896|
---------------+---------------+---------+


Analysis completed Fri Apr 24 14:53:17 2015 
--------------------------------------------------------------------------------

Trace Settings:
-------------------------
Trace Settings 

Peak Memory Usage: 316 MB



